<html>
<body>
<pre>
<h1>µVision Build Log</h1>
<h2>Tool Versions:</h2>
IDE-Version: µVision V5.24.2.0
Copyright (C) 2017 ARM Ltd and ARM Germany GmbH. All rights reserved.
License Information: Paul Raffer, HTL Hollabrunn, LIC=----
 
Tool Versions:
Toolchain:       MDK-Lite  Version: 5.24.1
Toolchain Path:  C:\Keil_v5\ARM\ARMCC\Bin
C Compiler:      Armcc.exe V5.06 update 5 (build 528)
Assembler:       Armasm.exe V5.06 update 5 (build 528)
Linker/Locator:  ArmLink.exe V5.06 update 5 (build 528)
Library Manager: ArmAr.exe V5.06 update 5 (build 528)
Hex Converter:   FromElf.exe V5.06 update 5 (build 528)
CPU DLL:         SARMCM3.DLL V5.24.1
Dialog DLL:      DARMSTM.DLL V1.68.0.0
Target DLL:      UL2CM3.DLL V1.160.3.0
Dialog DLL:      TARMSTM.DLL V1.66.0.0
 
<h2>Project:</h2>
C:\Users\Paul\Paul\Schule\5BHEL\FSST\Projekte\RTOS\RTX_Events\rtx_signals.uvprojx
Project File Date:  03/25/2021

<h2>Output:</h2>
*** Using Compiler 'V5.06 update 5 (build 528)', folder: 'C:\Keil_v5\ARM\ARMCC\Bin'
Rebuild target 'Target 1'
compiling RTX_Config.c...
compiling rtx_lib.c...
assembling startup_stm32f10x_md.s...
compiling main.cpp...
main.cpp(22): warning:  #1207-D: unknown attribute "nodiscard"
  	[[nodiscard]] constexpr auto is_on() const -> bool;
main.cpp(27): warning:  #1207-D: unknown attribute "nodiscard"
  	[[nodiscard]] constexpr auto frequency() const -> frequency_type;
main.cpp(43): warning:  #1207-D: unknown attribute "nodiscard"
  	public: [[nodiscard]] constexpr auto speed() const -> speed_type;
main.cpp(49): warning:  #1207-D: unknown attribute "nodiscard"
  	public: [[nodiscard]] constexpr auto temperature() const -> temperature_type;
main.cpp: 4 warnings, 0 errors
compiling system_stm32f10x.c...
linking...
Program Size: Code=10564 RO-data=672 RW-data=5144 ZI-data=1640  
".\Objects\rtx_signals.axf" - 0 Error(s), 4 Warning(s).

<h2>Software Packages used:</h2>

Package Vendor: ARM
                http://www.keil.com/pack/ARM.CMSIS.5.7.0.pack
                ARM.CMSIS.5.7.0
                CMSIS (Cortex Microcontroller Software Interface Standard)
   * Component: Keil RTX5 Variant: Library Version: 5.5.2
   * Component: CORE Version: 5.4.0
   * Component: RTOS2 Version: 2.1.3

Package Vendor: HTL Hollabrunn
                
                HTL Hollabrunn.STD-Pack.2.0.0
                HTL Hollabrunn library and include pack
   * Component: STDLib Version: 2.0.0

Package Vendor: Keil
                http://www.keil.com/pack/Keil.STM32F1xx_DFP.2.3.0.pack
                Keil.STM32F1xx_DFP.2.3.0
                STMicroelectronics STM32F1 Series Device Support, Drivers and Examples
   * Component: Startup Version: 1.0.0

<h2>Collection of Component include folders:</h2>
  .\RTE\CMSIS
  .\RTE\Device\STM32F103RB
  .\RTE\_Target_1
  C:\Keil_v5\ARM\PACK\ARM\CMSIS\5.7.0\CMSIS\Core\Include
  C:\Keil_v5\ARM\PACK\ARM\CMSIS\5.7.0\CMSIS\RTOS2\Include
  C:\Keil_v5\ARM\PACK\ARM\CMSIS\5.7.0\CMSIS\RTOS2\RTX\Include
  C:\Keil_v5\ARM\PACK\HTL Hollabrunn\STD-Pack\2.0.0\Header
  C:\Keil_v5\ARM\PACK\Keil\STM32F1xx_DFP\2.3.0\Device\Include

<h2>Collection of Component Files used:</h2>

   * Component: Keil::Device:Startup:1.0.0
      Source file:   Device\Source\system_stm32f10x.c
      Source file:   Device\Source\ARM\startup_stm32f10x_md.s
      Source file:   Device\Source\ARM\STM32F1xx_OPT.s
      Include file:  RTE_Driver\Config\RTE_Device.h

   * Component: HTL Hollabrunn::HTL Hollabrunn:Libraries:STDLib:2.0.0
      Include file:  Header\armv10_std.h
      Library file:  Library\ARMV10_STD.lib

   * Component: ARM::CMSIS:RTOS2:Keil RTX5:Library:5.5.2
      Source file:   CMSIS\RTOS2\RTX\Config\RTX_Config.c
      Source file:   CMSIS\RTOS2\RTX\Template\Semaphore.c
      Include file:  CMSIS\RTOS2\RTX\Include\rtx_os.h
      Include file:  CMSIS\RTOS2\RTX\Config\RTX_Config.h
      Source file:   CMSIS\RTOS2\RTX\Template\MsgQueue.c
      Source file:   CMSIS\RTOS2\RTX\Source\rtx_lib.c
      Source file:   CMSIS\RTOS2\RTX\Template\main.c
      Source file:   CMSIS\RTOS2\RTX\Template\MemPool.c
      Source file:   CMSIS\RTOS2\RTX\Template\Mutex.c
      Library file:  CMSIS\RTOS2\RTX\Library\ARM\RTX_CM3.lib
      Source file:   CMSIS\RTOS2\RTX\Template\Timer.c
      Source file:   CMSIS\RTOS2\RTX\Template\Thread.c
      Source file:   CMSIS\RTOS2\RTX\Template\Events.c
      Source file:   CMSIS\RTOS2\RTX\Template\svc_user.c

   * Component: ARM::CMSIS:CORE:5.4.0

   * Component: ::CMSIS:RTOS2:2.1.3 (API)
      Include file:  CMSIS\RTOS2\Include\cmsis_os2.h
Build Time Elapsed:  00:00:02
</pre>
</body>
</html>
