Component: ARM Compiler 5.06 update 5 (build 528) Tool: armlink [4d35e2]

==============================================================================

Section Cross References

    main.o(i._Z10break_funcPv) refers to rtx_evflags.o(.text.osEventFlagsWait) for osEventFlagsWait
    main.o(i._Z10break_funcPv) refers to main.o(i._Z7set_ledib) for set_led(int, bool)
    main.o(i._Z10break_funcPv) refers to main.o(.data) for break_flag
    main.o(i._Z10new_threadPK13thread_info_t) refers to rtx_thread.o(.text.osThreadNew) for osThreadNew
    main.o(i._Z10radio_funcPv) refers to main.o(i._Z7set_ledib) for set_led(int, bool)
    main.o(i._Z13create_threadPFYvPvES_PKc12osPriority_t) refers to rt_memclr_w.o(.text) for __aeabi_memclr4
    main.o(i._Z13create_threadPFYvPvES_PKc12osPriority_t) refers to main.o(i._Z10new_threadPK13thread_info_t) for new_thread(const thread_info_t*)
    main.o(i._Z14create_threadsv) refers to main.o(i._Z17create_event_flagPKc) for create_event_flag(const char*)
    main.o(i._Z14create_threadsv) refers to main.o(i._Z13create_threadPFYvPvES_PKc12osPriority_t) for create_thread(void(*)(void*), void*, const char*, osPriority_t)
    main.o(i._Z14create_threadsv) refers to main.o(i._Z10radio_funcPv) for radio_func(void*)
    main.o(i._Z14create_threadsv) refers to main.o(i._Z23temperature_sensor_funcPv) for temperature_sensor_func(void*)
    main.o(i._Z14create_threadsv) refers to main.o(i._Z20air_conditioner_funcPv) for air_conditioner_func(void*)
    main.o(i._Z14create_threadsv) refers to main.o(i._Z10break_funcPv) for break_func(void*)
    main.o(i._Z17create_event_flagPKc) refers to rtx_evflags.o(.text.osEventFlagsNew) for osEventFlagsNew
    main.o(i._Z20air_conditioner_funcPv) refers to rtx_evflags.o(.text.osEventFlagsWait) for osEventFlagsWait
    main.o(i._Z20air_conditioner_funcPv) refers to main.o(i._Z7set_ledib) for set_led(int, bool)
    main.o(i._Z20air_conditioner_funcPv) refers to main.o(.data) for too_hot_flag
    main.o(i._Z23temperature_sensor_funcPv) refers to main.o(i._Z7set_ledib) for set_led(int, bool)
    main.o(i._Z4initv) refers to system_stm32f10x.o(i.SystemCoreClockUpdate) for SystemCoreClockUpdate
    main.o(i._Z4initv) refers to rtx_kernel.o(.text.osKernelInitialize) for osKernelInitialize
    main.o(i._Z4initv) refers to armv10_std.o(.text) for init_leds_switches
    main.o(i._Z9reset_ledi) refers to main.o(i._Z7set_ledib) for set_led(int, bool)
    main.o(i._ZNR4fsst5car_t10accelerateEd) refers to daddsub_clz.o(x$fpl$dadd) for __aeabi_dadd
    main.o(i._ZNR4fsst5car_t10accelerateEd) refers to main.o(i._ZNR4fsst5car_t9set_speedEd) for fsst::car_t::set_speed(double) &
    main.o(i._ZNR4fsst5car_t10decelerateEd) refers to main.o(i._ZNR4fsst5car_t10accelerateEd) for fsst::car_t::accelerate(double) &
    main.o(i._ZNR4fsst5car_t4coolEd) refers to main.o(i._ZNR4fsst5car_t4heatEd) for fsst::car_t::heat(double) &
    main.o(i._ZNR4fsst5car_t4heatEd) refers to daddsub_clz.o(x$fpl$dadd) for __aeabi_dadd
    main.o(i._ZNR4fsst5car_t4heatEd) refers to main.o(i._ZNR4fsst5car_t15set_temperatureEd) for fsst::car_t::set_temperature(double) &
    main.o(i._ZNR4fsst7radio_t8turn_offEv) refers to main.o(i._ZNR4fsst7radio_t7turn_onEb) for fsst::radio_t::turn_on(bool) &
    main.o(i.main) refers to main.o(i._Z4initv) for init()
    main.o(i.main) refers to main.o(i._Z14create_threadsv) for create_threads()
    main.o(i.main) refers to rtx_kernel.o(.text.osKernelGetState) for osKernelGetState
    main.o(i.main) refers to rtx_kernel.o(.text.osKernelStart) for osKernelStart
    main.o(.ARM.exidx) refers to main.o(i._Z7set_ledib) for i._Z7set_ledib
    main.o(.ARM.exidx) refers to main.o(i._Z9reset_ledi) for i._Z9reset_ledi
    main.o(.ARM.exidx) refers to main.o(i._Z10radio_funcPv) for i._Z10radio_funcPv
    main.o(.ARM.exidx) refers to main.o(i._Z23temperature_sensor_funcPv) for i._Z23temperature_sensor_funcPv
    main.o(.ARM.exidx) refers to main.o(i._Z20air_conditioner_funcPv) for i._Z20air_conditioner_funcPv
    main.o(.ARM.exidx) refers to main.o(i._Z10break_funcPv) for i._Z10break_funcPv
    main.o(.ARM.exidx) refers to main.o(i._Z10new_threadPK13thread_info_t) for i._Z10new_threadPK13thread_info_t
    main.o(.ARM.exidx) refers to main.o(i._Z13create_threadPFYvPvES_PKc12osPriority_t) for i._Z13create_threadPFYvPvES_PKc12osPriority_t
    main.o(.ARM.exidx) refers to main.o(i._Z17create_event_flagPKc) for i._Z17create_event_flagPKc
    main.o(.ARM.exidx) refers to main.o(i._Z14create_threadsv) for i._Z14create_threadsv
    main.o(.ARM.exidx) refers to main.o(i._Z4initv) for i._Z4initv
    main.o(.ARM.exidx) refers to main.o(i.main) for i.main
    main.o(.ARM.exidx) refers to main.o(i._ZNR4fsst7radio_t7turn_onEb) for i._ZNR4fsst7radio_t7turn_onEb
    main.o(.ARM.exidx) refers to main.o(i._ZNR4fsst7radio_t8turn_offEv) for i._ZNR4fsst7radio_t8turn_offEv
    main.o(.ARM.exidx) refers to main.o(i._ZNR4fsst7radio_t13set_frequencyEd) for i._ZNR4fsst7radio_t13set_frequencyEd
[...]
    ../clib/signal.c                         0x00000000   Number         0  defsig_exit.o ABSOLUTE
    ../clib/signal.c                         0x00000000   Number         0  defsig_stak_inner.o ABSOLUTE
    ../clib/signal.c                         0x00000000   Number         0  defsig_rtmem_formal.o ABSOLUTE
    ../clib/signal.c                         0x00000000   Number         0  defsig_rtmem_outer.o ABSOLUTE
    ../clib/signal.c                         0x00000000   Number         0  defsig_pvfn_inner.o ABSOLUTE
    ../clib/signal.c                         0x00000000   Number         0  defsig_other.o ABSOLUTE
    ../clib/signal.c                         0x00000000   Number         0  defsig_general.o ABSOLUTE
    ../clib/signal.s                         0x00000000   Number         0  defsig.o ABSOLUTE
    ../clib/stdlib.c                         0x00000000   Number         0  exit.o ABSOLUTE
    ../fplib/daddsub.s                       0x00000000   Number         0  daddsub_clz.o ABSOLUTE
    ../fplib/dnaninf.s                       0x00000000   Number         0  dnaninf.o ABSOLUTE
    ../fplib/dretinf.s                       0x00000000   Number         0  dretinf.o ABSOLUTE
    ../fplib/fpinit.s                        0x00000000   Number         0  fpinit.o ABSOLUTE
    ../fplib/usenofp.s                       0x00000000   Number         0  usenofp.o ABSOLUTE
    ..\..\..\Source\ARM\irq_cm3.s            0x00000000   Number         0  irq_cm3.o ABSOLUTE
    C:\Keil_v5\ARM\PACK\ARM\CMSIS\5.7.0\CMSIS\RTOS2\RTX\Source\rtx_lib.c 0x00000000   Number         0  rtx_lib.o ABSOLUTE
    C:\\Keil_v5\\ARM\\PACK\\ARM\\CMSIS\\5.7.0\\CMSIS\\RTOS2\\RTX\\Source\\rtx_lib.c 0x00000000   Number         0  rtx_lib.o ABSOLUTE
    RTE\CMSIS\RTX_Config.c                   0x00000000   Number         0  rtx_config.o ABSOLUTE
    RTE\Device\STM32F103RB\startup_stm32f10x_md.s 0x00000000   Number         0  startup_stm32f10x_md.o ABSOLUTE
    RTE\Device\STM32F103RB\system_stm32f10x.c 0x00000000   Number         0  system_stm32f10x.o ABSOLUTE
    RTE\\CMSIS\\RTX_Config.c                 0x00000000   Number         0  rtx_config.o ABSOLUTE
    RTE\\Device\\STM32F103RB\\system_stm32f10x.c 0x00000000   Number         0  system_stm32f10x.o ABSOLUTE
    armv10_std.c                             0x00000000   Number         0  armv10_std.o ABSOLUTE
    armv10_std.c                             0x00000000   Number         0  armv10_std.o ABSOLUTE
    dc.s                                     0x00000000   Number         0  dc.o ABSOLUTE
    main.cpp                                 0x00000000   Number         0  main.o ABSOLUTE
    main.cpp                                 0x00000000   Number         0  main.o ABSOLUTE
    os_systick.c                             0x00000000   Number         0  os_systick.o ABSOLUTE
    rtx_evflags.c                            0x00000000   Number         0  rtx_evflags.o ABSOLUTE
    rtx_kernel.c                             0x00000000   Number         0  rtx_kernel.o ABSOLUTE
    rtx_memory.c                             0x00000000   Number         0  rtx_memory.o ABSOLUTE
    rtx_mempool.c                            0x00000000   Number         0  rtx_mempool.o ABSOLUTE
    rtx_msgqueue.c                           0x00000000   Number         0  rtx_msgqueue.o ABSOLUTE
    rtx_mutex.c                              0x00000000   Number         0  rtx_mutex.o ABSOLUTE
    rtx_system.c                             0x00000000   Number         0  rtx_system.o ABSOLUTE
    rtx_thread.c                             0x00000000   Number         0  rtx_thread.o ABSOLUTE
    rtx_timer.c                              0x00000000   Number         0  rtx_timer.o ABSOLUTE
    RESET                                    0x08000000   Section      236  startup_stm32f10x_md.o(RESET)
    !!!main                                  0x080000ec   Section        8  __main.o(!!!main)
    !!!scatter                               0x080000f4   Section       52  __scatter.o(!!!scatter)
    !!dczerorl                               0x08000128   Section       58  __dczerorl.o(!!dczerorl)
    !!handler_zi                             0x08000164   Section       28  __scatter_zi.o(!!handler_zi)
    .ARM.Collect$$libinit$$00000000          0x08000180   Section        2  libinit.o(.ARM.Collect$$libinit$$00000000)
    .ARM.Collect$$libinit$$00000002          0x08000182   Section        0  libinit2.o(.ARM.Collect$$libinit$$00000002)
    .ARM.Collect$$libinit$$00000004          0x08000182   Section        0  libinit2.o(.ARM.Collect$$libinit$$00000004)
    .ARM.Collect$$libinit$$0000000A          0x08000182   Section        0  libinit2.o(.ARM.Collect$$libinit$$0000000A)
    .ARM.Collect$$libinit$$0000000C          0x08000182   Section        0  libinit2.o(.ARM.Collect$$libinit$$0000000C)
    .ARM.Collect$$libinit$$0000000E          0x08000182   Section        0  libinit2.o(.ARM.Collect$$libinit$$0000000E)
    .ARM.Collect$$libinit$$00000011          0x08000182   Section        0  libinit2.o(.ARM.Collect$$libinit$$00000011)
    .ARM.Collect$$libinit$$00000013          0x08000182   Section        0  libinit2.o(.ARM.Collect$$libinit$$00000013)
    .ARM.Collect$$libinit$$00000015          0x08000182   Section        0  libinit2.o(.ARM.Collect$$libinit$$00000015)
    .ARM.Collect$$libinit$$00000017          0x08000182   Section        0  libinit2.o(.ARM.Collect$$libinit$$00000017)
    .ARM.Collect$$libinit$$00000019          0x08000182   Section        0  libinit2.o(.ARM.Collect$$libinit$$00000019)
    .ARM.Collect$$libinit$$0000001B          0x08000182   Section        0  libinit2.o(.ARM.Collect$$libinit$$0000001B)
    .ARM.Collect$$libinit$$0000001D          0x08000182   Section        0  libinit2.o(.ARM.Collect$$libinit$$0000001D)
    .ARM.Collect$$libinit$$0000001F          0x08000182   Section        0  libinit2.o(.ARM.Collect$$libinit$$0000001F)
    .ARM.Collect$$libinit$$00000021          0x08000182   Section        0  libinit2.o(.ARM.Collect$$libinit$$00000021)
    .ARM.Collect$$libinit$$00000023          0x08000182   Section        0  libinit2.o(.ARM.Collect$$libinit$$00000023)
    .ARM.Collect$$libinit$$00000025          0x08000182   Section        0  libinit2.o(.ARM.Collect$$libinit$$00000025)
    .ARM.Collect$$libinit$$0000002C          0x08000182   Section        0  libinit2.o(.ARM.Collect$$libinit$$0000002C)
    .ARM.Collect$$libinit$$0000002E          0x08000182   Section        0  libinit2.o(.ARM.Collect$$libinit$$0000002E)
    .ARM.Collect$$libinit$$00000030          0x08000182   Section        0  libinit2.o(.ARM.Collect$$libinit$$00000030)
    .ARM.Collect$$libinit$$00000032          0x08000182   Section        0  libinit2.o(.ARM.Collect$$libinit$$00000032)
    .ARM.Collect$$libinit$$00000033          0x08000182   Section        2  libinit2.o(.ARM.Collect$$libinit$$00000033)
    .ARM.Collect$$libshutdown$$00000000      0x08000184   Section        2  libshutdown.o(.ARM.Collect$$libshutdown$$00000000)
    .ARM.Collect$$libshutdown$$00000002      0x08000186   Section        0  libshutdown2.o(.ARM.Collect$$libshutdown$$00000002)
    .ARM.Collect$$libshutdown$$00000004      0x08000186   Section        0  libshutdown2.o(.ARM.Collect$$libshutdown$$00000004)
    .ARM.Collect$$libshutdown$$00000007      0x08000186   Section        0  libshutdown2.o(.ARM.Collect$$libshutdown$$00000007)
    .ARM.Collect$$libshutdown$$0000000A      0x08000186   Section        0  libshutdown2.o(.ARM.Collect$$libshutdown$$0000000A)
    .ARM.Collect$$libshutdown$$0000000C      0x08000186   Section        0  libshutdown2.o(.ARM.Collect$$libshutdown$$0000000C)
    .ARM.Collect$$libshutdown$$0000000F      0x08000186   Section        0  libshutdown2.o(.ARM.Collect$$libshutdown$$0000000F)
    .ARM.Collect$$libshutdown$$00000010      0x08000186   Section        2  libshutdown2.o(.ARM.Collect$$libshutdown$$00000010)
    .ARM.Collect$$rtentry$$00000000          0x08000188   Section        0  __rtentry.o(.ARM.Collect$$rtentry$$00000000)
    .ARM.Collect$$rtentry$$00000002          0x08000188   Section        0  __rtentry2.o(.ARM.Collect$$rtentry$$00000002)
    .ARM.Collect$$rtentry$$00000004          0x08000188   Section        6  __rtentry4.o(.ARM.Collect$$rtentry$$00000004)
    .ARM.Collect$$rtentry$$00000009          0x0800018e   Section        0  __rtentry2.o(.ARM.Collect$$rtentry$$00000009)
    .ARM.Collect$$rtentry$$0000000A          0x0800018e   Section        4  __rtentry2.o(.ARM.Collect$$rtentry$$0000000A)
    .ARM.Collect$$rtentry$$0000000C          0x08000192   Section        0  __rtentry2.o(.ARM.Collect$$rtentry$$0000000C)
    .ARM.Collect$$rtentry$$0000000D          0x08000192   Section        8  __rtentry2.o(.ARM.Collect$$rtentry$$0000000D)
    .ARM.Collect$$rtexit$$00000000           0x0800019a   Section        2  rtexit.o(.ARM.Collect$$rtexit$$00000000)
    .ARM.Collect$$rtexit$$00000002           0x0800019c   Section        0  rtexit2.o(.ARM.Collect$$rtexit$$00000002)
    .ARM.Collect$$rtexit$$00000003           0x0800019c   Section        4  rtexit2.o(.ARM.Collect$$rtexit$$00000003)
    .ARM.Collect$$rtexit$$00000004           0x080001a0   Section        6  rtexit2.o(.ARM.Collect$$rtexit$$00000004)
    .text                                    0x080001a8   Section       64  startup_stm32f10x_md.o(.text)
    .text                                    0x080001e8   Section      148  irq_cm3.o(.text)
    .text                                    0x0800027c   Section        0  armv10_std.o(.text)
    lcd_write_4bit                           0x0800060f   Thumb Code    72  armv10_std.o(.text)
    lcd_read_status                          0x08000657   Thumb Code   232  armv10_std.o(.text)
    wait_while_busy                          0x0800073f   Thumb Code    16  armv10_std.o(.text)
    .text                                    0x08000c70   Section      138  rt_memcpy_v6.o(.text)
    .text                                    0x08000cfa   Section       68  rt_memclr.o(.text)
    .text                                    0x08000d3e   Section       78  rt_memclr_w.o(.text)
    .text                                    0x08000d8c   Section        0  heapauxi.o(.text)
    .text                                    0x08000d92   Section      100  rt_memcpy_w.o(.text)
    .text                                    0x08000df6   Section       74  sys_stackheap_outer.o(.text)
    .text                                    0x08000e40   Section        0  exit.o(.text)
    .text                                    0x08000e54   Section        8  libspace.o(.text)
    .text                                    0x08000e5c   Section        0  sys_exit.o(.text)
    .text                                    0x08000e68   Section        2  use_no_semi.o(.text)
    [Anonymous Symbol]                       0x08000e6a   Section        0  rtx_evflags.o(.text.EventFlagsCheck)
    .text                                    0x08000e6a   Section        0  indicate_semi.o(.text)
    EventFlagsCheck                          0x08000e6b   Thumb Code   110  rtx_evflags.o(.text.EventFlagsCheck)
    [Anonymous Symbol]                       0x08000ed8   Section        0  rtx_msgqueue.o(.text.MessageQueueGet)
    MessageQueueGet                          0x08000ed9   Thumb Code    64  rtx_msgqueue.o(.text.MessageQueueGet)
    [Anonymous Symbol]                       0x08000f18   Section        0  rtx_msgqueue.o(.text.MessageQueuePut)
    MessageQueuePut                          0x08000f19   Thumb Code    88  rtx_msgqueue.o(.text.MessageQueuePut)
    [Anonymous Symbol]                       0x08000f70   Section        0  rtx_msgqueue.o(.text.MessageQueueRemove)
    MessageQueueRemove                       0x08000f71   Thumb Code    28  rtx_msgqueue.o(.text.MessageQueueRemove)
    [Anonymous Symbol]                       0x08000f8c   Section        0  os_systick.o(.text.OS_Tick_AcknowledgeIRQ)
    __arm_cp.3_0                             0x08000f94   Number         4  os_systick.o(.text.OS_Tick_AcknowledgeIRQ)
    [Anonymous Symbol]                       0x08000f98   Section        0  os_systick.o(.text.OS_Tick_Enable)
    __arm_cp.1_0                             0x08000fb8   Number         4  os_systick.o(.text.OS_Tick_Enable)
    __arm_cp.1_1                             0x08000fbc   Number         4  os_systick.o(.text.OS_Tick_Enable)
    __arm_cp.1_2                             0x08000fc0   Number         4  os_systick.o(.text.OS_Tick_Enable)
    [Anonymous Symbol]                       0x08000fc4   Section        0  os_systick.o(.text.OS_Tick_GetIRQn)
    [Anonymous Symbol]                       0x08000fcc   Section        0  os_systick.o(.text.OS_Tick_Setup)
    __arm_cp.0_0                             0x08000ffc   Number         4  os_systick.o(.text.OS_Tick_Setup)
    __arm_cp.0_1                             0x08001000   Number         4  os_systick.o(.text.OS_Tick_Setup)
    __arm_cp.0_2                             0x08001004   Number         4  os_systick.o(.text.OS_Tick_Setup)
    __arm_cp.0_3                             0x08001008   Number         4  os_systick.o(.text.OS_Tick_Setup)
    [Anonymous Symbol]                       0x0800100c   Section        0  rtx_thread.o(.text.ThreadFlagsCheck)
    ThreadFlagsCheck                         0x0800100d   Thumb Code   110  rtx_thread.o(.text.ThreadFlagsCheck)
    [Anonymous Symbol]                       0x0800107c   Section        0  rtx_timer.o(.text.TimerInsert)
    TimerInsert                              0x0800107d   Thumb Code    72  rtx_timer.o(.text.TimerInsert)
    __arm_cp.8_0                             0x080010c0   Number         4  rtx_timer.o(.text.TimerInsert)
    [Anonymous Symbol]                       0x080010c4   Section        0  rtx_evflags.o(.text.osEventFlagsNew)
    __arm_cp.0_0                             0x080010e4   Number         4  rtx_evflags.o(.text.osEventFlagsNew)
    [Anonymous Symbol]                       0x080010e8   Section        0  rtx_evflags.o(.text.osEventFlagsWait)
    __arm_cp.7_0                             0x08001128   Number         4  rtx_evflags.o(.text.osEventFlagsWait)
    [Anonymous Symbol]                       0x0800112c   Section        0  rtx_kernel.o(.text.osKernelGetState)
    __arm_cp.4_0                             0x08001154   Number         4  rtx_kernel.o(.text.osKernelGetState)
    __arm_cp.4_1                             0x08001158   Number         4  rtx_kernel.o(.text.osKernelGetState)
    [Anonymous Symbol]                       0x0800115c   Section        0  rtx_kernel.o(.text.osKernelInitialize)
    __arm_cp.1_0                             0x08001184   Number         4  rtx_kernel.o(.text.osKernelInitialize)
    [Anonymous Symbol]                       0x08001188   Section        0  rtx_kernel.o(.text.osKernelStart)
    __arm_cp.6_0                             0x080011a8   Number         4  rtx_kernel.o(.text.osKernelStart)
    [Anonymous Symbol]                       0x080011ac   Section        0  rtx_msgqueue.o(.text.osMessageQueueGet)
    __arm_cp.3_0                             0x08001214   Number         4  rtx_msgqueue.o(.text.osMessageQueueGet)
    [Anonymous Symbol]                       0x08001218   Section        0  rtx_msgqueue.o(.text.osMessageQueueNew)
    __arm_cp.0_0                             0x08001238   Number         4  rtx_msgqueue.o(.text.osMessageQueueNew)
    [Anonymous Symbol]                       0x0800123c   Section        0  rtx_msgqueue.o(.text.osMessageQueuePut)
    __arm_cp.2_0                             0x080012b0   Number         4  rtx_msgqueue.o(.text.osMessageQueuePut)
    [Anonymous Symbol]                       0x080012b4   Section        0  rtx_mutex.o(.text.osMutexAcquire)
    __arm_cp.4_0                             0x080012d4   Number         4  rtx_mutex.o(.text.osMutexAcquire)
    [Anonymous Symbol]                       0x080012d8   Section        0  rtx_mutex.o(.text.osMutexDelete)
    __arm_cp.7_0                             0x080012f8   Number         4  rtx_mutex.o(.text.osMutexDelete)
    [Anonymous Symbol]                       0x080012fc   Section        0  rtx_mutex.o(.text.osMutexNew)
    __arm_cp.2_0                             0x0800131c   Number         4  rtx_mutex.o(.text.osMutexNew)
    [Anonymous Symbol]                       0x08001320   Section        0  rtx_mutex.o(.text.osMutexRelease)
    __arm_cp.5_0                             0x08001340   Number         4  rtx_mutex.o(.text.osMutexRelease)
    [Anonymous Symbol]                       0x08001344   Section        0  rtx_evflags.o(.text.osRtxEventFlagsPostProcess)
    osRtxEventFlagsPostProcess               0x08001345   Thumb Code    50  rtx_evflags.o(.text.osRtxEventFlagsPostProcess)
    [Anonymous Symbol]                       0x08001376   Section        0  rtx_kernel.o(.text.osRtxKernelPreInit)
    [Anonymous Symbol]                       0x08001378   Section        0  rtx_memory.o(.text.osRtxMemoryAlloc)
    [Anonymous Symbol]                       0x080013e8   Section        0  rtx_memory.o(.text.osRtxMemoryFree)
    [Anonymous Symbol]                       0x0800142e   Section        0  rtx_memory.o(.text.osRtxMemoryInit)
    [Anonymous Symbol]                       0x0800146a   Section        0  rtx_mempool.o(.text.osRtxMemoryPoolAlloc)
    [Anonymous Symbol]                       0x080014a4   Section        0  rtx_mempool.o(.text.osRtxMemoryPoolFree)
    [Anonymous Symbol]                       0x080014ee   Section        0  rtx_mempool.o(.text.osRtxMemoryPoolInit)
    [Anonymous Symbol]                       0x08001524   Section        0  rtx_msgqueue.o(.text.osRtxMessageQueuePostProcess)
    osRtxMessageQueuePostProcess             0x08001525   Thumb Code   186  rtx_msgqueue.o(.text.osRtxMessageQueuePostProcess)
    [Anonymous Symbol]                       0x080015de   Section        0  rtx_mutex.o(.text.osRtxMutexOwnerRelease)
    [Anonymous Symbol]                       0x08001626   Section        0  rtx_mutex.o(.text.osRtxMutexOwnerRestore)
    [Anonymous Symbol]                       0x08001668   Section        0  rtx_system.o(.text.osRtxPendSV_Handler)
    __arm_cp.1_0                             0x080016f0   Number         4  rtx_system.o(.text.osRtxPendSV_Handler)
    [Anonymous Symbol]                       0x080016f4   Section        0  rtx_system.o(.text.osRtxPostProcess)
    __arm_cp.2_0                             0x08001760   Number         4  rtx_system.o(.text.osRtxPostProcess)
    __arm_cp.2_1                             0x08001764   Number         4  rtx_system.o(.text.osRtxPostProcess)
    [Anonymous Symbol]                       0x08001768   Section        0  rtx_thread.o(.text.osRtxThreadBlock)
    osRtxThreadBlock                         0x08001769   Thumb Code    56  rtx_thread.o(.text.osRtxThreadBlock)
    __arm_cp.11_0                            0x0800179c   Number         4  rtx_thread.o(.text.osRtxThreadBlock)
    [Anonymous Symbol]                       0x080017a0   Section        0  rtx_thread.o(.text.osRtxThreadDelayInsert)
    osRtxThreadDelayInsert                   0x080017a1   Thumb Code   116  rtx_thread.o(.text.osRtxThreadDelayInsert)
    __arm_cp.15_0                            0x08001810   Number         4  rtx_thread.o(.text.osRtxThreadDelayInsert)
    [Anonymous Symbol]                       0x08001814   Section        0  rtx_thread.o(.text.osRtxThreadDelayRemove)
    osRtxThreadDelayRemove                   0x08001815   Thumb Code    60  rtx_thread.o(.text.osRtxThreadDelayRemove)
    __arm_cp.13_0                            0x0800184c   Number         4  rtx_thread.o(.text.osRtxThreadDelayRemove)
    [Anonymous Symbol]                       0x08001850   Section        0  rtx_thread.o(.text.osRtxThreadDelayTick)
    __arm_cp.5_0                             0x08001898   Number         4  rtx_thread.o(.text.osRtxThreadDelayTick)
    [Anonymous Symbol]                       0x0800189c   Section        0  rtx_thread.o(.text.osRtxThreadDispatch)
    __arm_cp.10_0                            0x080018f0   Number         4  rtx_thread.o(.text.osRtxThreadDispatch)
    [Anonymous Symbol]                       0x080018f4   Section        0  rtx_thread.o(.text.osRtxThreadFree)
    osRtxThreadFree                          0x080018f5   Thumb Code    88  rtx_thread.o(.text.osRtxThreadFree)
    __arm_cp.53_0                            0x08001948   Number         4  rtx_thread.o(.text.osRtxThreadFree)
    [Anonymous Symbol]                       0x0800194c   Section        0  rtx_thread.o(.text.osRtxThreadListGet)
    [Anonymous Symbol]                       0x0800195e   Section        0  rtx_thread.o(.text.osRtxThreadListPut)
    [Anonymous Symbol]                       0x0800198a   Section        0  rtx_thread.o(.text.osRtxThreadListRemove)
    [Anonymous Symbol]                       0x0800199e   Section        0  rtx_thread.o(.text.osRtxThreadListRoot)
    osRtxThreadListRoot                      0x0800199f   Thumb Code    12  rtx_thread.o(.text.osRtxThreadListRoot)
    [Anonymous Symbol]                       0x080019aa   Section        0  rtx_thread.o(.text.osRtxThreadListSort)
    [Anonymous Symbol]                       0x080019d0   Section        0  rtx_thread.o(.text.osRtxThreadPostProcess)
    osRtxThreadPostProcess                   0x080019d1   Thumb Code    40  rtx_thread.o(.text.osRtxThreadPostProcess)
    [Anonymous Symbol]                       0x080019f8   Section        0  rtx_thread.o(.text.osRtxThreadReadyPut)
    __arm_cp.4_0                             0x08001a08   Number         4  rtx_thread.o(.text.osRtxThreadReadyPut)
    [Anonymous Symbol]                       0x08001a0c   Section        0  rtx_thread.o(.text.osRtxThreadRegPtr)
    [Anonymous Symbol]                       0x08001a14   Section        0  rtx_thread.o(.text.osRtxThreadStackCheck)
    __arm_cp.9_0                             0x08001a34   Number         4  rtx_thread.o(.text.osRtxThreadStackCheck)
    __arm_cp.9_1                             0x08001a38   Number         4  rtx_thread.o(.text.osRtxThreadStackCheck)
    [Anonymous Symbol]                       0x08001a3c   Section        0  rtx_thread.o(.text.osRtxThreadStartup)
    __arm_cp.16_0                            0x08001a6c   Number         4  rtx_thread.o(.text.osRtxThreadStartup)
    __arm_cp.16_1                            0x08001a70   Number         4  rtx_thread.o(.text.osRtxThreadStartup)
    __arm_cp.16_2                            0x08001a74   Number         4  rtx_thread.o(.text.osRtxThreadStartup)
    __arm_cp.16_3                            0x08001a78   Number         4  rtx_thread.o(.text.osRtxThreadStartup)
    [Anonymous Symbol]                       0x08001a7c   Section        0  rtx_thread.o(.text.osRtxThreadSwitch)
    __arm_cp.8_0                             0x08001a88   Number         4  rtx_thread.o(.text.osRtxThreadSwitch)
    [Anonymous Symbol]                       0x08001a8c   Section        0  rtx_thread.o(.text.osRtxThreadWaitEnter)
    __arm_cp.14_0                            0x08001ac0   Number         4  rtx_thread.o(.text.osRtxThreadWaitEnter)
    [Anonymous Symbol]                       0x08001ac4   Section        0  rtx_thread.o(.text.osRtxThreadWaitExit)
    [Anonymous Symbol]                       0x08001ae8   Section        0  rtx_system.o(.text.osRtxTick_Handler)
    __arm_cp.0_0                             0x08001b54   Number         4  rtx_system.o(.text.osRtxTick_Handler)
    [Anonymous Symbol]                       0x08001b58   Section        0  rtx_timer.o(.text.osRtxTimerThread)
    __arm_cp.0_0                             0x08001b88   Number         4  rtx_timer.o(.text.osRtxTimerThread)
    __arm_cp.0_1                             0x08001b8c   Number         4  rtx_timer.o(.text.osRtxTimerThread)
    __arm_cp.0_2                             0x08001b90   Number         4  rtx_timer.o(.text.osRtxTimerThread)
    [Anonymous Symbol]                       0x08001b94   Section        0  rtx_timer.o(.text.osRtxTimerTick)
    osRtxTimerTick                           0x08001b95   Thumb Code    84  rtx_timer.o(.text.osRtxTimerTick)
    __arm_cp.1_0                             0x08001be4   Number         4  rtx_timer.o(.text.osRtxTimerTick)
    [Anonymous Symbol]                       0x08001be8   Section        0  rtx_thread.o(.text.osThreadExit)
    __arm_cp.32_0                            0x08001bf0   Number         4  rtx_thread.o(.text.osThreadExit)
    [Anonymous Symbol]                       0x08001bf4   Section        0  rtx_thread.o(.text.osThreadNew)
    __arm_cp.18_0                            0x08001c14   Number         4  rtx_thread.o(.text.osThreadNew)
    [Anonymous Symbol]                       0x08001c18   Section        0  rtx_evflags.o(.text.svcRtxEventFlagsNew)
    svcRtxEventFlagsNew                      0x08001c19   Thumb Code   108  rtx_evflags.o(.text.svcRtxEventFlagsNew)
    __arm_cp.9_0                             0x08001c7c   Number         4  rtx_evflags.o(.text.svcRtxEventFlagsNew)
    __arm_cp.9_1                             0x08001c80   Number         4  rtx_evflags.o(.text.svcRtxEventFlagsNew)
    [Anonymous Symbol]                       0x08001c84   Section        0  rtx_evflags.o(.text.svcRtxEventFlagsWait)
    svcRtxEventFlagsWait                     0x08001c85   Thumb Code    92  rtx_evflags.o(.text.svcRtxEventFlagsWait)
    __arm_cp.14_0                            0x08001cdc   Number         4  rtx_evflags.o(.text.svcRtxEventFlagsWait)
    [Anonymous Symbol]                       0x08001ce0   Section        0  rtx_kernel.o(.text.svcRtxKernelGetState)
    svcRtxKernelGetState                     0x08001ce1   Thumb Code    12  rtx_kernel.o(.text.svcRtxKernelGetState)
    __arm_cp.5_0                             0x08001ce8   Number         4  rtx_kernel.o(.text.svcRtxKernelGetState)
    [Anonymous Symbol]                       0x08001cec   Section        0  rtx_kernel.o(.text.svcRtxKernelInitialize)
    svcRtxKernelInitialize                   0x08001ced   Thumb Code   336  rtx_kernel.o(.text.svcRtxKernelInitialize)
    __arm_cp.20_0                            0x08001e30   Number         4  rtx_kernel.o(.text.svcRtxKernelInitialize)
    __arm_cp.20_1                            0x08001e34   Number         4  rtx_kernel.o(.text.svcRtxKernelInitialize)
    __arm_cp.20_2                            0x08001e38   Number         4  rtx_kernel.o(.text.svcRtxKernelInitialize)
    [Anonymous Symbol]                       0x08001e3c   Section        0  rtx_kernel.o(.text.svcRtxKernelStart)
    svcRtxKernelStart                        0x08001e3d   Thumb Code   136  rtx_kernel.o(.text.svcRtxKernelStart)
    __arm_cp.21_0                            0x08001eb4   Number         4  rtx_kernel.o(.text.svcRtxKernelStart)
    __arm_cp.21_1                            0x08001eb8   Number         4  rtx_kernel.o(.text.svcRtxKernelStart)
    __arm_cp.21_2                            0x08001ebc   Number         4  rtx_kernel.o(.text.svcRtxKernelStart)
    __arm_cp.21_3                            0x08001ec0   Number         4  rtx_kernel.o(.text.svcRtxKernelStart)
    [Anonymous Symbol]                       0x08001ec4   Section        0  rtx_msgqueue.o(.text.svcRtxMessageQueueGet)
    svcRtxMessageQueueGet                    0x08001ec5   Thumb Code   224  rtx_msgqueue.o(.text.svcRtxMessageQueueGet)
    __arm_cp.21_0                            0x08001fa0   Number         4  rtx_msgqueue.o(.text.svcRtxMessageQueueGet)
    [Anonymous Symbol]                       0x08001fa4   Section        0  rtx_msgqueue.o(.text.svcRtxMessageQueueNew)
    svcRtxMessageQueueNew                    0x08001fa5   Thumb Code   304  rtx_msgqueue.o(.text.svcRtxMessageQueueNew)
    __arm_cp.14_0                            0x080020cc   Number         4  rtx_msgqueue.o(.text.svcRtxMessageQueueNew)
    __arm_cp.14_1                            0x080020d0   Number         4  rtx_msgqueue.o(.text.svcRtxMessageQueueNew)
    [Anonymous Symbol]                       0x080020d4   Section        0  rtx_msgqueue.o(.text.svcRtxMessageQueuePut)
    svcRtxMessageQueuePut                    0x080020d5   Thumb Code   192  rtx_msgqueue.o(.text.svcRtxMessageQueuePut)
    __arm_cp.19_0                            0x08002190   Number         4  rtx_msgqueue.o(.text.svcRtxMessageQueuePut)
    [Anonymous Symbol]                       0x08002194   Section        0  rtx_mutex.o(.text.svcRtxMutexAcquire)
    svcRtxMutexAcquire                       0x08002195   Thumb Code   148  rtx_mutex.o(.text.svcRtxMutexAcquire)
    __arm_cp.10_0                            0x08002224   Number         4  rtx_mutex.o(.text.svcRtxMutexAcquire)
    [Anonymous Symbol]                       0x08002228   Section        0  rtx_mutex.o(.text.svcRtxMutexDelete)
    svcRtxMutexDelete                        0x08002229   Thumb Code   176  rtx_mutex.o(.text.svcRtxMutexDelete)
    __arm_cp.13_0                            0x080022d4   Number         4  rtx_mutex.o(.text.svcRtxMutexDelete)
    [Anonymous Symbol]                       0x080022d8   Section        0  rtx_mutex.o(.text.svcRtxMutexNew)
    svcRtxMutexNew                           0x080022d9   Thumb Code   104  rtx_mutex.o(.text.svcRtxMutexNew)
    __arm_cp.8_0                             0x0800233c   Number         4  rtx_mutex.o(.text.svcRtxMutexNew)
    [Anonymous Symbol]                       0x08002340   Section        0  rtx_mutex.o(.text.svcRtxMutexRelease)
    svcRtxMutexRelease                       0x08002341   Thumb Code   180  rtx_mutex.o(.text.svcRtxMutexRelease)
    __arm_cp.11_0                            0x080023f0   Number         4  rtx_mutex.o(.text.svcRtxMutexRelease)
    [Anonymous Symbol]                       0x080023f4   Section        0  rtx_thread.o(.text.svcRtxThreadExit)
    svcRtxThreadExit                         0x080023f5   Thumb Code   104  rtx_thread.o(.text.svcRtxThreadExit)
    __arm_cp.55_0                            0x08002458   Number         4  rtx_thread.o(.text.svcRtxThreadExit)
    [Anonymous Symbol]                       0x0800245c   Section        0  rtx_thread.o(.text.svcRtxThreadNew)
    svcRtxThreadNew                          0x0800245d   Thumb Code   464  rtx_thread.o(.text.svcRtxThreadNew)
    __arm_cp.17_0                            0x08002618   Number         4  rtx_thread.o(.text.svcRtxThreadNew)
    __arm_cp.17_1                            0x0800261c   Number         4  rtx_thread.o(.text.svcRtxThreadNew)
    __arm_cp.17_2                            0x08002620   Number         4  rtx_thread.o(.text.svcRtxThreadNew)
    __arm_cp.17_3                            0x08002624   Number         4  rtx_thread.o(.text.svcRtxThreadNew)
    __arm_cp.17_4                            0x08002628   Number         4  rtx_thread.o(.text.svcRtxThreadNew)
    i.SystemCoreClockUpdate                  0x0800262c   Section        0  system_stm32f10x.o(i.SystemCoreClockUpdate)
    i.SystemInit                             0x080026d0   Section        0  system_stm32f10x.o(i.SystemInit)
    i._Z10break_funcPv                       0x08002730   Section        0  main.o(i._Z10break_funcPv)
    i._Z10new_threadPK13thread_info_t        0x08002750   Section        0  main.o(i._Z10new_threadPK13thread_info_t)
    i._Z10radio_funcPv                       0x08002762   Section        0  main.o(i._Z10radio_funcPv)
    i._Z11_mutex_freePPv                     0x0800276e   Section        0  rtx_lib.o(i._Z11_mutex_freePPv)
    __tagsym$$used                           0x0800276f   Number         0  rtx_lib.o(i._Z11_mutex_freePPv)
    i._Z13create_threadPFYvPvES_PKc12osPriority_t 0x0800277a   Section        0  main.o(i._Z13create_threadPFYvPvES_PKc12osPriority_t)
    i._Z14_mutex_acquirePPv                  0x080027a0   Section        0  rtx_lib.o(i._Z14_mutex_acquirePPv)
    __tagsym$$used                           0x080027a1   Number         0  rtx_lib.o(i._Z14_mutex_acquirePPv)
    i._Z14_mutex_releasePPv                  0x080027b6   Section        0  rtx_lib.o(i._Z14_mutex_releasePPv)
    __tagsym$$used                           0x080027b7   Number         0  rtx_lib.o(i._Z14_mutex_releasePPv)
    i._Z14create_threadsv                    0x080027c8   Section        0  main.o(i._Z14create_threadsv)
    i._Z17_mutex_initializePPv               0x08002858   Section        0  rtx_lib.o(i._Z17_mutex_initializePPv)
    __tagsym$$used                           0x08002859   Number         0  rtx_lib.o(i._Z17_mutex_initializePPv)
    i._Z17create_event_flagPKc               0x0800287a   Section        0  main.o(i._Z17create_event_flagPKc)
    i._Z20air_conditioner_funcPv             0x08002894   Section        0  main.o(i._Z20air_conditioner_funcPv)
    i._Z23temperature_sensor_funcPv          0x080028b4   Section        0  main.o(i._Z23temperature_sensor_funcPv)
    i._Z4initv                               0x080028c0   Section        0  main.o(i._Z4initv)
    i._Z7set_ledib                           0x080028d8   Section        0  main.o(i._Z7set_ledib)
    i._ZN30_INTERNAL_9_rtx_lib_c_7c080eb619os_kernel_is_activeEv 0x080028ec   Section        0  rtx_lib.o(i._ZN30_INTERNAL_9_rtx_lib_c_7c080eb619os_kernel_is_activeEv)
    [local to rtx_lib_c]::os_kernel_is_active() 0x080028ed   Thumb Code    28  rtx_lib.o(i._ZN30_INTERNAL_9_rtx_lib_c_7c080eb619os_kernel_is_activeEv)
    i._ZN40_INTERNAL_18_system_stm32f10x_c_5d646a6711SetSysClockEv 0x0800290c   Section        0  system_stm32f10x.o(i._ZN40_INTERNAL_18_system_stm32f10x_c_5d646a6711SetSysClockEv)
    [local to system_stm32f10x_c]::SetSysClock() 0x0800290d   Thumb Code     8  system_stm32f10x.o(i._ZN40_INTERNAL_18_system_stm32f10x_c_5d646a6711SetSysClockEv)
    i._ZN40_INTERNAL_18_system_stm32f10x_c_5d646a6715SetSysClockTo72Ev 0x08002914   Section        0  system_stm32f10x.o(i._ZN40_INTERNAL_18_system_stm32f10x_c_5d646a6715SetSysClockTo72Ev)
    [local to system_stm32f10x_c]::SetSysClockTo72() 0x08002915   Thumb Code   214  system_stm32f10x.o(i._ZN40_INTERNAL_18_system_stm32f10x_c_5d646a6715SetSysClockTo72Ev)
    i.main                                   0x080029f4   Section        0  main.o(i.main)
    i.osRtxErrorNotify                       0x08002a0c   Section        0  rtx_config.o(i.osRtxErrorNotify)
    i.osRtxIdleThread                        0x08002a2c   Section        0  rtx_config.o(i.osRtxIdleThread)
    .constdata                               0x08002a30   Section      100  rtx_lib.o(.constdata)
    os_idle_thread_attr                      0x08002a30   Data          36  rtx_lib.o(.constdata)
    os_timer_thread_attr                     0x08002a54   Data          36  rtx_lib.o(.constdata)
    os_timer_mq_attr                         0x08002a78   Data          24  rtx_lib.o(.constdata)
    .constdata                               0x08002a94   Section        1  irq_cm3.o(.constdata)
    .constdata                               0x08002a98   Section      128  armv10_std.o(.constdata)
    .rodata                                  0x08002b18   Section      160  rtx_lib.o(.rodata)
    __tagsym$$used                           0x08002b18   Number         0  rtx_lib.o(.rodata)
    __tagsym$$used                           0x08002b80   Number         0  rtx_lib.o(.rodata)
    [Anonymous Symbol]                       0x08002bb8   Section        0  rtx_kernel.o(.rodata.str1.4)
    .L.str                                   0x08002bb8   Data          11  rtx_kernel.o(.rodata.str1.4)
    .bss.os                                  0x20000000   Section     4160  rtx_lib.o(.bss.os)
    os_mem                                   0x20000000   Data        4096  rtx_lib.o(.bss.os)
    os_isr_queue                             0x20001000   Data          64  rtx_lib.o(.bss.os)
    .bss.os.msgqueue.cb                      0x20001040   Section       52  rtx_lib.o(.bss.os.msgqueue.cb)
    os_timer_mq_cb                           0x20001040   Data          52  rtx_lib.o(.bss.os.msgqueue.cb)
    .bss.os.msgqueue.mem                     0x20001074   Section       80  rtx_lib.o(.bss.os.msgqueue.mem)
    os_timer_mq_data                         0x20001074   Data          80  rtx_lib.o(.bss.os.msgqueue.mem)
    .bss.os.thread.cb                        0x200010c4   Section      136  rtx_lib.o(.bss.os.thread.cb)
    os_idle_thread_cb                        0x200010c4   Data          68  rtx_lib.o(.bss.os.thread.cb)
    os_timer_thread_cb                       0x20001108   Data          68  rtx_lib.o(.bss.os.thread.cb)
    .bss.os.thread.stack                     0x20001150   Section      512  rtx_lib.o(.bss.os.thread.stack)
    os_idle_thread_stack                     0x20001150   Data         256  rtx_lib.o(.bss.os.thread.stack)
    os_timer_thread_stack                    0x20001250   Data         256  rtx_lib.o(.bss.os.thread.stack)
    .data                                    0x20001350   Section        8  main.o(.data)
    .data                                    0x20001358   Section        5  rtx_lib.o(.data)
    [local to rtx_lib_c]::os_kernel_is_active()::os_kernel_active 0x2000135c   Data           1  rtx_lib.o(.data)
    .data                                    0x20001360   Section       20  system_stm32f10x.o(.data)
    .bss                                     0x20001418   Section       96  libspace.o(.bss)
    [Anonymous Symbol]                       0x20001478   Section        0  os_systick.o(.bss.PendST)
    PendST                                   0x20001478   Data           1  os_systick.o(.bss.PendST)
    HEAP                                     0x20001480   Section      512  startup_stm32f10x_md.o(HEAP)
    Heap_Mem                                 0x20001480   Data         512  startup_stm32f10x_md.o(HEAP)
    STACK                                    0x20001680   Section     1024  startup_stm32f10x_md.o(STACK)
    Stack_Mem                                0x20001680   Data        1024  startup_stm32f10x_md.o(STACK)
    __initial_sp                             0x20001a80   Data           0  startup_stm32f10x_md.o(STACK)

    Global Symbols

    Symbol Name                              Value     Ov Type        Size  Object(Section)

    BuildAttributes$$THM_ISAv4$P$D$K$B$S$PE$A:L22UL41UL21$X:L11$S22US41US21$IEEE1$IW$~IW$USESV6$~STKCKD$USESV7$~SHL$OSPACE$ROPI$EBA8$UX$STANDARDLIB$REQ8$PRES8$EABIv2 0x00000000   Number         0  anon$$obj.o ABSOLUTE
    __ARM_use_no_argv                        0x00000000   Number         0  main.o ABSOLUTE
    .bss.os.evflags.cb$$Base                  - Undefined Weak Reference
    .bss.os.evflags.cb$$Limit                 - Undefined Weak Reference
    .bss.os.mempool.cb$$Base                  - Undefined Weak Reference
    .bss.os.mempool.cb$$Limit                 - Undefined Weak Reference
    .bss.os.mutex.cb$$Base                    - Undefined Weak Reference
    .bss.os.mutex.cb$$Limit                   - Undefined Weak Reference
    .bss.os.semaphore.cb$$Base                - Undefined Weak Reference
    .bss.os.semaphore.cb$$Limit               - Undefined Weak Reference
    .bss.os.timer.cb$$Base                    - Undefined Weak Reference
    .bss.os.timer.cb$$Limit                   - Undefined Weak Reference
    __ARM_exceptions_init                     - Undefined Weak Reference
    __alloca_initialize                       - Undefined Weak Reference
    __arm_preinit_                            - Undefined Weak Reference
    __cpp_initialize__aeabi_                  - Undefined Weak Reference
    __cxa_finalize                            - Undefined Weak Reference
    __rt_locale                               - Undefined Weak Reference
    __sigvec_lookup                           - Undefined Weak Reference
    _atexit_init                              - Undefined Weak Reference
    _call_atexit_fns                          - Undefined Weak Reference
    _clock_init                               - Undefined Weak Reference
    _fp_trap_init                             - Undefined Weak Reference
    _fp_trap_shutdown                         - Undefined Weak Reference
    _get_lc_collate                           - Undefined Weak Reference
    _get_lc_ctype                             - Undefined Weak Reference
    _get_lc_monetary                          - Undefined Weak Reference
    _get_lc_numeric                           - Undefined Weak Reference
    _get_lc_time                              - Undefined Weak Reference
    _getenv_init                              - Undefined Weak Reference
    _handle_redirection                       - Undefined Weak Reference
    _init_alloc                               - Undefined Weak Reference
    _init_user_alloc                          - Undefined Weak Reference
    _initio                                   - Undefined Weak Reference
    _rand_init                                - Undefined Weak Reference
    _signal_finish                            - Undefined Weak Reference
    _signal_init                              - Undefined Weak Reference
    _terminate_alloc                          - Undefined Weak Reference
    _terminate_user_alloc                     - Undefined Weak Reference
    _terminateio                              - Undefined Weak Reference
    __Vectors_Size                           0x000000ec   Number         0  startup_stm32f10x_md.o ABSOLUTE
    __Vectors                                0x08000000   Data           4  startup_stm32f10x_md.o(RESET)
    __Vectors_End                            0x080000ec   Data           0  startup_stm32f10x_md.o(RESET)
    __main                                   0x080000ed   Thumb Code     8  __main.o(!!!main)
    __scatterload                            0x080000f5   Thumb Code     0  __scatter.o(!!!scatter)
    __scatterload_rt2                        0x080000f5   Thumb Code    44  __scatter.o(!!!scatter)
    __scatterload_rt2_thumb_only             0x080000f5   Thumb Code     0  __scatter.o(!!!scatter)
    __scatterload_null                       0x08000103   Thumb Code     0  __scatter.o(!!!scatter)
    __decompress                             0x08000129   Thumb Code    58  __dczerorl.o(!!dczerorl)
    __decompress0                            0x08000129   Thumb Code     0  __dczerorl.o(!!dczerorl)
    __scatterload_zeroinit                   0x08000165   Thumb Code    28  __scatter_zi.o(!!handler_zi)
    __rt_lib_init                            0x08000181   Thumb Code     0  libinit.o(.ARM.Collect$$libinit$$00000000)
    __rt_lib_init_alloca_1                   0x08000183   Thumb Code     0  libinit2.o(.ARM.Collect$$libinit$$0000002E)
    __rt_lib_init_argv_1                     0x08000183   Thumb Code     0  libinit2.o(.ARM.Collect$$libinit$$0000002C)
    __rt_lib_init_atexit_1                   0x08000183   Thumb Code     0  libinit2.o(.ARM.Collect$$libinit$$0000001B)
    __rt_lib_init_clock_1                    0x08000183   Thumb Code     0  libinit2.o(.ARM.Collect$$libinit$$00000021)
    __rt_lib_init_cpp_1                      0x08000183   Thumb Code     0  libinit2.o(.ARM.Collect$$libinit$$00000032)
    __rt_lib_init_exceptions_1               0x08000183   Thumb Code     0  libinit2.o(.ARM.Collect$$libinit$$00000030)
    __rt_lib_init_fp_1                       0x08000183   Thumb Code     0  libinit2.o(.ARM.Collect$$libinit$$00000002)
    __rt_lib_init_fp_trap_1                  0x08000183   Thumb Code     0  libinit2.o(.ARM.Collect$$libinit$$0000001F)
    __rt_lib_init_getenv_1                   0x08000183   Thumb Code     0  libinit2.o(.ARM.Collect$$libinit$$00000023)
    __rt_lib_init_heap_1                     0x08000183   Thumb Code     0  libinit2.o(.ARM.Collect$$libinit$$0000000A)
    __rt_lib_init_lc_collate_1               0x08000183   Thumb Code     0  libinit2.o(.ARM.Collect$$libinit$$00000011)
    __rt_lib_init_lc_ctype_1                 0x08000183   Thumb Code     0  libinit2.o(.ARM.Collect$$libinit$$00000013)
    __rt_lib_init_lc_monetary_1              0x08000183   Thumb Code     0  libinit2.o(.ARM.Collect$$libinit$$00000015)
    __rt_lib_init_lc_numeric_1               0x08000183   Thumb Code     0  libinit2.o(.ARM.Collect$$libinit$$00000017)
    __rt_lib_init_lc_time_1                  0x08000183   Thumb Code     0  libinit2.o(.ARM.Collect$$libinit$$00000019)
    __rt_lib_init_preinit_1                  0x08000183   Thumb Code     0  libinit2.o(.ARM.Collect$$libinit$$00000004)
    __rt_lib_init_rand_1                     0x08000183   Thumb Code     0  libinit2.o(.ARM.Collect$$libinit$$0000000E)
    __rt_lib_init_return                     0x08000183   Thumb Code     0  libinit2.o(.ARM.Collect$$libinit$$00000033)
    __rt_lib_init_signal_1                   0x08000183   Thumb Code     0  libinit2.o(.ARM.Collect$$libinit$$0000001D)
    __rt_lib_init_stdio_1                    0x08000183   Thumb Code     0  libinit2.o(.ARM.Collect$$libinit$$00000025)
    __rt_lib_init_user_alloc_1               0x08000183   Thumb Code     0  libinit2.o(.ARM.Collect$$libinit$$0000000C)
    __rt_lib_shutdown                        0x08000185   Thumb Code     0  libshutdown.o(.ARM.Collect$$libshutdown$$00000000)
    __rt_lib_shutdown_cpp_1                  0x08000187   Thumb Code     0  libshutdown2.o(.ARM.Collect$$libshutdown$$00000002)
    __rt_lib_shutdown_fp_trap_1              0x08000187   Thumb Code     0  libshutdown2.o(.ARM.Collect$$libshutdown$$00000007)
    __rt_lib_shutdown_heap_1                 0x08000187   Thumb Code     0  libshutdown2.o(.ARM.Collect$$libshutdown$$0000000F)
    __rt_lib_shutdown_return                 0x08000187   Thumb Code     0  libshutdown2.o(.ARM.Collect$$libshutdown$$00000010)
    __rt_lib_shutdown_signal_1               0x08000187   Thumb Code     0  libshutdown2.o(.ARM.Collect$$libshutdown$$0000000A)
    __rt_lib_shutdown_stdio_1                0x08000187   Thumb Code     0  libshutdown2.o(.ARM.Collect$$libshutdown$$00000004)
    __rt_lib_shutdown_user_alloc_1           0x08000187   Thumb Code     0  libshutdown2.o(.ARM.Collect$$libshutdown$$0000000C)
    __rt_entry                               0x08000189   Thumb Code     0  __rtentry.o(.ARM.Collect$$rtentry$$00000000)
    __rt_entry_presh_1                       0x08000189   Thumb Code     0  __rtentry2.o(.ARM.Collect$$rtentry$$00000002)
    __rt_entry_sh                            0x08000189   Thumb Code     0  __rtentry4.o(.ARM.Collect$$rtentry$$00000004)
    __rt_entry_li                            0x0800018f   Thumb Code     0  __rtentry2.o(.ARM.Collect$$rtentry$$0000000A)
    __rt_entry_postsh_1                      0x0800018f   Thumb Code     0  __rtentry2.o(.ARM.Collect$$rtentry$$00000009)
    __rt_entry_main                          0x08000193   Thumb Code     0  __rtentry2.o(.ARM.Collect$$rtentry$$0000000D)
    __rt_entry_postli_1                      0x08000193   Thumb Code     0  __rtentry2.o(.ARM.Collect$$rtentry$$0000000C)
    __rt_exit                                0x0800019b   Thumb Code     0  rtexit.o(.ARM.Collect$$rtexit$$00000000)
    __rt_exit_ls                             0x0800019d   Thumb Code     0  rtexit2.o(.ARM.Collect$$rtexit$$00000003)
    __rt_exit_prels_1                        0x0800019d   Thumb Code     0  rtexit2.o(.ARM.Collect$$rtexit$$00000002)
    __rt_exit_exit                           0x080001a1   Thumb Code     0  rtexit2.o(.ARM.Collect$$rtexit$$00000004)
    Reset_Handler                            0x080001a9   Thumb Code     8  startup_stm32f10x_md.o(.text)
    NMI_Handler                              0x080001b1   Thumb Code     2  startup_stm32f10x_md.o(.text)
    HardFault_Handler                        0x080001b3   Thumb Code     2  startup_stm32f10x_md.o(.text)
    MemManage_Handler                        0x080001b5   Thumb Code     2  startup_stm32f10x_md.o(.text)
    BusFault_Handler                         0x080001b7   Thumb Code     2  startup_stm32f10x_md.o(.text)
    UsageFault_Handler                       0x080001b9   Thumb Code     2  startup_stm32f10x_md.o(.text)
    DebugMon_Handler                         0x080001bd   Thumb Code     2  startup_stm32f10x_md.o(.text)
    ADC1_2_IRQHandler                        0x080001c3   Thumb Code     0  startup_stm32f10x_md.o(.text)
    CAN1_RX1_IRQHandler                      0x080001c3   Thumb Code     0  startup_stm32f10x_md.o(.text)
    CAN1_SCE_IRQHandler                      0x080001c3   Thumb Code     0  startup_stm32f10x_md.o(.text)
    DMA1_Channel1_IRQHandler                 0x080001c3   Thumb Code     0  startup_stm32f10x_md.o(.text)
    DMA1_Channel2_IRQHandler                 0x080001c3   Thumb Code     0  startup_stm32f10x_md.o(.text)
    DMA1_Channel3_IRQHandler                 0x080001c3   Thumb Code     0  startup_stm32f10x_md.o(.text)
    DMA1_Channel4_IRQHandler                 0x080001c3   Thumb Code     0  startup_stm32f10x_md.o(.text)
    DMA1_Channel5_IRQHandler                 0x080001c3   Thumb Code     0  startup_stm32f10x_md.o(.text)
    DMA1_Channel6_IRQHandler                 0x080001c3   Thumb Code     0  startup_stm32f10x_md.o(.text)
    DMA1_Channel7_IRQHandler                 0x080001c3   Thumb Code     0  startup_stm32f10x_md.o(.text)
    EXTI0_IRQHandler                         0x080001c3   Thumb Code     0  startup_stm32f10x_md.o(.text)
    EXTI15_10_IRQHandler                     0x080001c3   Thumb Code     0  startup_stm32f10x_md.o(.text)
    EXTI1_IRQHandler                         0x080001c3   Thumb Code     0  startup_stm32f10x_md.o(.text)
    EXTI2_IRQHandler                         0x080001c3   Thumb Code     0  startup_stm32f10x_md.o(.text)
    EXTI3_IRQHandler                         0x080001c3   Thumb Code     0  startup_stm32f10x_md.o(.text)
    EXTI4_IRQHandler                         0x080001c3   Thumb Code     0  startup_stm32f10x_md.o(.text)
    EXTI9_5_IRQHandler                       0x080001c3   Thumb Code     0  startup_stm32f10x_md.o(.text)
    FLASH_IRQHandler                         0x080001c3   Thumb Code     0  startup_stm32f10x_md.o(.text)
    I2C1_ER_IRQHandler                       0x080001c3   Thumb Code     0  startup_stm32f10x_md.o(.text)
    I2C1_EV_IRQHandler                       0x080001c3   Thumb Code     0  startup_stm32f10x_md.o(.text)
    I2C2_ER_IRQHandler                       0x080001c3   Thumb Code     0  startup_stm32f10x_md.o(.text)
    I2C2_EV_IRQHandler                       0x080001c3   Thumb Code     0  startup_stm32f10x_md.o(.text)
    PVD_IRQHandler                           0x080001c3   Thumb Code     0  startup_stm32f10x_md.o(.text)
    RCC_IRQHandler                           0x080001c3   Thumb Code     0  startup_stm32f10x_md.o(.text)
    RTCAlarm_IRQHandler                      0x080001c3   Thumb Code     0  startup_stm32f10x_md.o(.text)
    RTC_IRQHandler                           0x080001c3   Thumb Code     0  startup_stm32f10x_md.o(.text)
    SPI1_IRQHandler                          0x080001c3   Thumb Code     0  startup_stm32f10x_md.o(.text)
    SPI2_IRQHandler                          0x080001c3   Thumb Code     0  startup_stm32f10x_md.o(.text)
    TAMPER_IRQHandler                        0x080001c3   Thumb Code     0  startup_stm32f10x_md.o(.text)
    TIM1_BRK_IRQHandler                      0x080001c3   Thumb Code     0  startup_stm32f10x_md.o(.text)
    TIM1_CC_IRQHandler                       0x080001c3   Thumb Code     0  startup_stm32f10x_md.o(.text)
    TIM1_TRG_COM_IRQHandler                  0x080001c3   Thumb Code     0  startup_stm32f10x_md.o(.text)
    TIM1_UP_IRQHandler                       0x080001c3   Thumb Code     0  startup_stm32f10x_md.o(.text)
    TIM2_IRQHandler                          0x080001c3   Thumb Code     0  startup_stm32f10x_md.o(.text)
    TIM3_IRQHandler                          0x080001c3   Thumb Code     0  startup_stm32f10x_md.o(.text)
    TIM4_IRQHandler                          0x080001c3   Thumb Code     0  startup_stm32f10x_md.o(.text)
    USART1_IRQHandler                        0x080001c3   Thumb Code     0  startup_stm32f10x_md.o(.text)
    USART2_IRQHandler                        0x080001c3   Thumb Code     0  startup_stm32f10x_md.o(.text)
    USART3_IRQHandler                        0x080001c3   Thumb Code     0  startup_stm32f10x_md.o(.text)
    USBWakeUp_IRQHandler                     0x080001c3   Thumb Code     0  startup_stm32f10x_md.o(.text)
    USB_HP_CAN1_TX_IRQHandler                0x080001c3   Thumb Code     0  startup_stm32f10x_md.o(.text)
    USB_LP_CAN1_RX0_IRQHandler               0x080001c3   Thumb Code     0  startup_stm32f10x_md.o(.text)
    WWDG_IRQHandler                          0x080001c3   Thumb Code     0  startup_stm32f10x_md.o(.text)
    __user_initial_stackheap                 0x080001c5   Thumb Code     0  startup_stm32f10x_md.o(.text)
    SVC_Handler                              0x080001e9   Thumb Code   108  irq_cm3.o(.text)
    PendSV_Handler                           0x08000255   Thumb Code    16  irq_cm3.o(.text)
    SysTick_Handler                          0x08000265   Thumb Code    16  irq_cm3.o(.text)
    nib2asc                                  0x0800027d   Thumb Code    36  armv10_std.o(.text)
    asc2nib                                  0x080002a1   Thumb Code    46  armv10_std.o(.text)
    hex2bcd                                  0x080002cf   Thumb Code     8  armv10_std.o(.text)
    set_clock_72MHz                          0x080002d7   Thumb Code   156  armv10_std.o(.text)
    init_leds_switches                       0x08000373   Thumb Code    74  armv10_std.o(.text)
    set_leds                                 0x080003bd   Thumb Code    16  armv10_std.o(.text)
    get_switches                             0x080003cd   Thumb Code     8  armv10_std.o(.text)
    dil_taster_init                          0x080003d5   Thumb Code   124  armv10_std.o(.text)
    dil_led_init                             0x08000451   Thumb Code   112  armv10_std.o(.text)
    wait_ms                                  0x080004c1   Thumb Code    26  armv10_std.o(.text)
    wait_10us                                0x080004db   Thumb Code    12  armv10_std.o(.text)
    uart_init                                0x080004e7   Thumb Code   122  armv10_std.o(.text)
    uart_get_char                            0x08000561   Thumb Code    20  armv10_std.o(.text)
    uart_put_char                            0x08000575   Thumb Code    18  armv10_std.o(.text)
    uart_put_hex                             0x08000587   Thumb Code    44  armv10_std.o(.text)
    uart_put_string                          0x080005b3   Thumb Code    22  armv10_std.o(.text)
    uart_clear                               0x080005c9   Thumb Code    10  armv10_std.o(.text)
    uart_setpos                              0x080005d3   Thumb Code    60  armv10_std.o(.text)
    lcd_write_cmd                            0x0800074f   Thumb Code    34  armv10_std.o(.text)
    lcd_write_data                           0x08000771   Thumb Code    34  armv10_std.o(.text)
    lcd_put_char                             0x08000793   Thumb Code    12  armv10_std.o(.text)
    lcd_put_hex                              0x0800079f   Thumb Code    44  armv10_std.o(.text)
    lcd_set_cursor                           0x080007cb   Thumb Code    58  armv10_std.o(.text)
    lcd_clear                                0x08000805   Thumb Code    18  armv10_std.o(.text)
    lcd_put_string                           0x08000817   Thumb Code    22  armv10_std.o(.text)
    lcd_init                                 0x0800082d   Thumb Code   154  armv10_std.o(.text)
    lcd_bargraph                             0x080008c7   Thumb Code    52  armv10_std.o(.text)
    lcd_bargraphXY                           0x080008fb   Thumb Code    68  armv10_std.o(.text)
    adc1_convert                             0x0800093f   Thumb Code   530  armv10_std.o(.text)
    ton                                      0x08000b51   Thumb Code   266  armv10_std.o(.text)
    __aeabi_memcpy                           0x08000c71   Thumb Code     0  rt_memcpy_v6.o(.text)
    __rt_memcpy                              0x08000c71   Thumb Code   138  rt_memcpy_v6.o(.text)
    _memcpy_lastbytes                        0x08000cd7   Thumb Code     0  rt_memcpy_v6.o(.text)
    __aeabi_memclr                           0x08000cfb   Thumb Code     0  rt_memclr.o(.text)
    __rt_memclr                              0x08000cfb   Thumb Code    68  rt_memclr.o(.text)
    _memset                                  0x08000cff   Thumb Code     0  rt_memclr.o(.text)
    __aeabi_memclr4                          0x08000d3f   Thumb Code     0  rt_memclr_w.o(.text)
    __aeabi_memclr8                          0x08000d3f   Thumb Code     0  rt_memclr_w.o(.text)
    __rt_memclr_w                            0x08000d3f   Thumb Code    78  rt_memclr_w.o(.text)
    _memset_w                                0x08000d43   Thumb Code     0  rt_memclr_w.o(.text)
    __use_two_region_memory                  0x08000d8d   Thumb Code     2  heapauxi.o(.text)
    __rt_heap_escrow$2region                 0x08000d8f   Thumb Code     2  heapauxi.o(.text)
    __rt_heap_expand$2region                 0x08000d91   Thumb Code     2  heapauxi.o(.text)
    __aeabi_memcpy4                          0x08000d93   Thumb Code     0  rt_memcpy_w.o(.text)
    __aeabi_memcpy8                          0x08000d93   Thumb Code     0  rt_memcpy_w.o(.text)
    __rt_memcpy_w                            0x08000d93   Thumb Code   100  rt_memcpy_w.o(.text)
    _memcpy_lastbytes_aligned                0x08000ddb   Thumb Code     0  rt_memcpy_w.o(.text)
    __user_setup_stackheap                   0x08000df7   Thumb Code    74  sys_stackheap_outer.o(.text)
    exit                                     0x08000e41   Thumb Code    18  exit.o(.text)
    __user_libspace                          0x08000e55   Thumb Code     8  libspace.o(.text)
    __user_perproc_libspace                  0x08000e55   Thumb Code     0  libspace.o(.text)
    __user_perthread_libspace                0x08000e55   Thumb Code     0  libspace.o(.text)
    _sys_exit                                0x08000e5d   Thumb Code     8  sys_exit.o(.text)
    __I$use$semihosting                      0x08000e69   Thumb Code     0  use_no_semi.o(.text)
    __use_no_semihosting_swi                 0x08000e69   Thumb Code     2  use_no_semi.o(.text)
    __semihosting_library_function           0x08000e6b   Thumb Code     0  indicate_semi.o(.text)
    OS_Tick_AcknowledgeIRQ                   0x08000f8d   Thumb Code    12  os_systick.o(.text.OS_Tick_AcknowledgeIRQ)
    OS_Tick_Enable                           0x08000f99   Thumb Code    44  os_systick.o(.text.OS_Tick_Enable)
    OS_Tick_GetIRQn                          0x08000fc5   Thumb Code     6  os_systick.o(.text.OS_Tick_GetIRQn)
    OS_Tick_Setup                            0x08000fcd   Thumb Code    64  os_systick.o(.text.OS_Tick_Setup)
    osEventFlagsNew                          0x080010c5   Thumb Code    36  rtx_evflags.o(.text.osEventFlagsNew)
    osEventFlagsWait                         0x080010e9   Thumb Code    68  rtx_evflags.o(.text.osEventFlagsWait)
    osKernelGetState                         0x0800112d   Thumb Code    48  rtx_kernel.o(.text.osKernelGetState)
    osKernelInitialize                       0x0800115d   Thumb Code    44  rtx_kernel.o(.text.osKernelInitialize)
    osKernelStart                            0x08001189   Thumb Code    36  rtx_kernel.o(.text.osKernelStart)
    osMessageQueueGet                        0x080011ad   Thumb Code   108  rtx_msgqueue.o(.text.osMessageQueueGet)
    osMessageQueueNew                        0x08001219   Thumb Code    36  rtx_msgqueue.o(.text.osMessageQueueNew)
    osMessageQueuePut                        0x0800123d   Thumb Code   120  rtx_msgqueue.o(.text.osMessageQueuePut)
    osMutexAcquire                           0x080012b5   Thumb Code    36  rtx_mutex.o(.text.osMutexAcquire)
    osMutexDelete                            0x080012d9   Thumb Code    36  rtx_mutex.o(.text.osMutexDelete)
    osMutexNew                               0x080012fd   Thumb Code    36  rtx_mutex.o(.text.osMutexNew)
    osMutexRelease                           0x08001321   Thumb Code    36  rtx_mutex.o(.text.osMutexRelease)
    osRtxKernelPreInit                       0x08001377   Thumb Code     2  rtx_kernel.o(.text.osRtxKernelPreInit)
    osRtxMemoryAlloc                         0x08001379   Thumb Code   112  rtx_memory.o(.text.osRtxMemoryAlloc)
    osRtxMemoryFree                          0x080013e9   Thumb Code    70  rtx_memory.o(.text.osRtxMemoryFree)
    osRtxMemoryInit                          0x0800142f   Thumb Code    60  rtx_memory.o(.text.osRtxMemoryInit)
    osRtxMemoryPoolAlloc                     0x0800146b   Thumb Code    58  rtx_mempool.o(.text.osRtxMemoryPoolAlloc)
    osRtxMemoryPoolFree                      0x080014a5   Thumb Code    74  rtx_mempool.o(.text.osRtxMemoryPoolFree)
    osRtxMemoryPoolInit                      0x080014ef   Thumb Code    54  rtx_mempool.o(.text.osRtxMemoryPoolInit)
    osRtxMutexOwnerRelease                   0x080015df   Thumb Code    72  rtx_mutex.o(.text.osRtxMutexOwnerRelease)
    osRtxMutexOwnerRestore                   0x08001627   Thumb Code    66  rtx_mutex.o(.text.osRtxMutexOwnerRestore)
    osRtxPendSV_Handler                      0x08001669   Thumb Code   140  rtx_system.o(.text.osRtxPendSV_Handler)
    osRtxPostProcess                         0x080016f5   Thumb Code   116  rtx_system.o(.text.osRtxPostProcess)
    osRtxThreadDelayTick                     0x08001851   Thumb Code    76  rtx_thread.o(.text.osRtxThreadDelayTick)
    osRtxThreadDispatch                      0x0800189d   Thumb Code    88  rtx_thread.o(.text.osRtxThreadDispatch)
    osRtxThreadListGet                       0x0800194d   Thumb Code    18  rtx_thread.o(.text.osRtxThreadListGet)
    osRtxThreadListPut                       0x0800195f   Thumb Code    44  rtx_thread.o(.text.osRtxThreadListPut)
    osRtxThreadListRemove                    0x0800198b   Thumb Code    20  rtx_thread.o(.text.osRtxThreadListRemove)
    osRtxThreadListSort                      0x080019ab   Thumb Code    38  rtx_thread.o(.text.osRtxThreadListSort)
    osRtxThreadReadyPut                      0x080019f9   Thumb Code    20  rtx_thread.o(.text.osRtxThreadReadyPut)
    osRtxThreadRegPtr                        0x08001a0d   Thumb Code     6  rtx_thread.o(.text.osRtxThreadRegPtr)
    osRtxThreadStackCheck                    0x08001a15   Thumb Code    40  rtx_thread.o(.text.osRtxThreadStackCheck)
    osRtxThreadStartup                       0x08001a3d   Thumb Code    64  rtx_thread.o(.text.osRtxThreadStartup)
    osRtxThreadSwitch                        0x08001a7d   Thumb Code    16  rtx_thread.o(.text.osRtxThreadSwitch)
    osRtxThreadWaitEnter                     0x08001a8d   Thumb Code    56  rtx_thread.o(.text.osRtxThreadWaitEnter)
    osRtxThreadWaitExit                      0x08001ac5   Thumb Code    36  rtx_thread.o(.text.osRtxThreadWaitExit)
    osRtxTick_Handler                        0x08001ae9   Thumb Code   112  rtx_system.o(.text.osRtxTick_Handler)
    osRtxTimerThread                         0x08001b59   Thumb Code    60  rtx_timer.o(.text.osRtxTimerThread)
    osThreadExit                             0x08001be9   Thumb Code    12  rtx_thread.o(.text.osThreadExit)
    osThreadNew                              0x08001bf5   Thumb Code    36  rtx_thread.o(.text.osThreadNew)
    SystemCoreClockUpdate                    0x0800262d   Thumb Code   142  system_stm32f10x.o(i.SystemCoreClockUpdate)
    SystemInit                               0x080026d1   Thumb Code    78  system_stm32f10x.o(i.SystemInit)
    break_func(void*)                        0x08002731   Thumb Code    28  main.o(i._Z10break_funcPv)
    new_thread(const thread_info_t*)         0x08002751   Thumb Code    18  main.o(i._Z10new_threadPK13thread_info_t)
    radio_func(void*)                        0x08002763   Thumb Code    12  main.o(i._Z10radio_funcPv)
    _mutex_free(void**)                      0x0800276f   Thumb Code    12  rtx_lib.o(i._Z11_mutex_freePPv)
    create_thread(void(*)(void*), void*, const char*, osPriority_t) 0x0800277b   Thumb Code    38  main.o(i._Z13create_threadPFYvPvES_PKc12osPriority_t)
    _mutex_acquire(void**)                   0x080027a1   Thumb Code    22  rtx_lib.o(i._Z14_mutex_acquirePPv)
    _mutex_release(void**)                   0x080027b7   Thumb Code    18  rtx_lib.o(i._Z14_mutex_releasePPv)
    create_threads()                         0x080027c9   Thumb Code    68  main.o(i._Z14create_threadsv)
    _mutex_initialize(void**)                0x08002859   Thumb Code    34  rtx_lib.o(i._Z17_mutex_initializePPv)
    create_event_flag(const char*)           0x0800287b   Thumb Code    26  main.o(i._Z17create_event_flagPKc)
    air_conditioner_func(void*)              0x08002895   Thumb Code    28  main.o(i._Z20air_conditioner_funcPv)
    temperature_sensor_func(void*)           0x080028b5   Thumb Code    12  main.o(i._Z23temperature_sensor_funcPv)
    init()                                   0x080028c1   Thumb Code    22  main.o(i._Z4initv)
    set_led(int, bool)                       0x080028d9   Thumb Code    16  main.o(i._Z7set_ledib)
    main                                     0x080029f5   Thumb Code    24  main.o(i.main)
    osRtxErrorNotify                         0x08002a0d   Thumb Code    32  rtx_config.o(i.osRtxErrorNotify)
    osRtxIdleThread                          0x08002a2d   Thumb Code     4  rtx_config.o(i.osRtxIdleThread)
    osRtxUserSVC                             0x08002a90   Data           4  rtx_lib.o(.constdata)
    irqRtxLib                                0x08002a94   Data           1  irq_cm3.o(.constdata)
    SWAP_DATA                                0x08002a98   Data          64  armv10_std.o(.constdata)
    UserFont                                 0x08002ad8   Data          64  armv10_std.o(.constdata)
    osRtxConfig                              0x08002b18   Data         104  rtx_lib.o(.rodata)
    os_cb_sections                           0x08002b80   Data          56  rtx_lib.o(.rodata)
    Region$$Table$$Base                      0x08002bc4   Number         0  anon$$obj.o(Region$$Table)
    Region$$Table$$Limit                     0x08002be4   Number         0  anon$$obj.o(Region$$Table)
    .bss.os.msgqueue.cb$$Base                0x20001040   Number         0  rtx_lib.o(.bss.os.msgqueue.cb)
    .bss.os.msgqueue.cb$$Limit               0x20001074   Number         0  rtx_lib.o(.bss.os.msgqueue.cb)
    .bss.os.thread.cb$$Base                  0x200010c4   Number         0  rtx_lib.o(.bss.os.thread.cb)
    .bss.os.thread.cb$$Limit                 0x2000114c   Number         0  rtx_lib.o(.bss.os.thread.cb)
    too_hot_flag                             0x20001350   Data           4  main.o(.data)
    break_flag                               0x20001354   Data           4  main.o(.data)
    irqRtxLibRef                             0x20001358   Data           4  rtx_lib.o(.data)
    SystemCoreClock                          0x20001360   Data           4  system_stm32f10x.o(.data)
    AHBPrescTable                            0x20001364   Data          16  system_stm32f10x.o(.data)
    osRtxInfo                                0x20001374   Data         164  rtx_kernel.o(.data.os)
    __libspace_start                         0x20001418   Data          96  libspace.o(.bss)
    __temporary_stack_top$libspace           0x20001478   Data           0  libspace.o(.bss)



==============================================================================

Memory Map of the image

  Image Entry point : 0x080001a9

  Load Region LR_1 (Base: 0x08000000, Size: 0x00003ffc, Max: 0xffffffff, ABSOLUTE, COMPRESSED[0x00002c28])

    Execution Region ER_RO (Exec base: 0x08000000, Load base: 0x08000000, Size: 0x00002be4, Max: 0xffffffff, ABSOLUTE)

    Exec Addr    Load Addr    Size         Type   Attr      Idx    E Section Name        Object

    0x08000000   0x08000000   0x000000ec   Data   RO          344    RESET               startup_stm32f10x_md.o
    0x080000ec   0x080000ec   0x00000008   Code   RO          957  * !!!main             c_w.l(__main.o)
    0x080000f4   0x080000f4   0x00000034   Code   RO         1129    !!!scatter          c_w.l(__scatter.o)
    0x08000128   0x08000128   0x0000003a   Code   RO         1127    !!dczerorl          c_w.l(__dczerorl.o)
    0x08000162   0x08000162   0x00000002   PAD
    0x08000164   0x08000164   0x0000001c   Code   RO         1131    !!handler_zi        c_w.l(__scatter_zi.o)
    0x08000180   0x08000180   0x00000002   Code   RO          997    .ARM.Collect$$libinit$$00000000  c_w.l(libinit.o)
    0x08000182   0x08000182   0x00000000   Code   RO         1004    .ARM.Collect$$libinit$$00000002  c_w.l(libinit2.o)
    0x08000182   0x08000182   0x00000000   Code   RO         1006    .ARM.Collect$$libinit$$00000004  c_w.l(libinit2.o)
    0x08000182   0x08000182   0x00000000   Code   RO         1009    .ARM.Collect$$libinit$$0000000A  c_w.l(libinit2.o)
    0x08000182   0x08000182   0x00000000   Code   RO         1011    .ARM.Collect$$libinit$$0000000C  c_w.l(libinit2.o)
    0x08000182   0x08000182   0x00000000   Code   RO         1013    .ARM.Collect$$libinit$$0000000E  c_w.l(libinit2.o)
    0x08000182   0x08000182   0x00000000   Code   RO         1016    .ARM.Collect$$libinit$$00000011  c_w.l(libinit2.o)
    0x08000182   0x08000182   0x00000000   Code   RO         1018    .ARM.Collect$$libinit$$00000013  c_w.l(libinit2.o)
    0x08000182   0x08000182   0x00000000   Code   RO         1020    .ARM.Collect$$libinit$$00000015  c_w.l(libinit2.o)
    0x08000182   0x08000182   0x00000000   Code   RO         1022    .ARM.Collect$$libinit$$00000017  c_w.l(libinit2.o)
    0x08000182   0x08000182   0x00000000   Code   RO         1024    .ARM.Collect$$libinit$$00000019  c_w.l(libinit2.o)
    0x08000182   0x08000182   0x00000000   Code   RO         1026    .ARM.Collect$$libinit$$0000001B  c_w.l(libinit2.o)
    0x08000182   0x08000182   0x00000000   Code   RO         1028    .ARM.Collect$$libinit$$0000001D  c_w.l(libinit2.o)
    0x08000182   0x08000182   0x00000000   Code   RO         1030    .ARM.Collect$$libinit$$0000001F  c_w.l(libinit2.o)
    0x08000182   0x08000182   0x00000000   Code   RO         1032    .ARM.Collect$$libinit$$00000021  c_w.l(libinit2.o)
    0x08000182   0x08000182   0x00000000   Code   RO         1034    .ARM.Collect$$libinit$$00000023  c_w.l(libinit2.o)
    0x08000182   0x08000182   0x00000000   Code   RO         1036    .ARM.Collect$$libinit$$00000025  c_w.l(libinit2.o)
    0x08000182   0x08000182   0x00000000   Code   RO         1040    .ARM.Collect$$libinit$$0000002C  c_w.l(libinit2.o)
    0x08000182   0x08000182   0x00000000   Code   RO         1042    .ARM.Collect$$libinit$$0000002E  c_w.l(libinit2.o)
    0x08000182   0x08000182   0x00000000   Code   RO         1044    .ARM.Collect$$libinit$$00000030  c_w.l(libinit2.o)
    0x08000182   0x08000182   0x00000000   Code   RO         1046    .ARM.Collect$$libinit$$00000032  c_w.l(libinit2.o)
    0x08000182   0x08000182   0x00000002   Code   RO         1047    .ARM.Collect$$libinit$$00000033  c_w.l(libinit2.o)
    0x08000184   0x08000184   0x00000002   Code   RO         1067    .ARM.Collect$$libshutdown$$00000000  c_w.l(libshutdown.o)
    0x08000186   0x08000186   0x00000000   Code   RO         1080    .ARM.Collect$$libshutdown$$00000002  c_w.l(libshutdown2.o)
    0x08000186   0x08000186   0x00000000   Code   RO         1082    .ARM.Collect$$libshutdown$$00000004  c_w.l(libshutdown2.o)
    0x08000186   0x08000186   0x00000000   Code   RO         1085    .ARM.Collect$$libshutdown$$00000007  c_w.l(libshutdown2.o)
    0x08000186   0x08000186   0x00000000   Code   RO         1088    .ARM.Collect$$libshutdown$$0000000A  c_w.l(libshutdown2.o)
    0x08000186   0x08000186   0x00000000   Code   RO         1090    .ARM.Collect$$libshutdown$$0000000C  c_w.l(libshutdown2.o)
    0x08000186   0x08000186   0x00000000   Code   RO         1093    .ARM.Collect$$libshutdown$$0000000F  c_w.l(libshutdown2.o)
    0x08000186   0x08000186   0x00000002   Code   RO         1094    .ARM.Collect$$libshutdown$$00000010  c_w.l(libshutdown2.o)
    0x08000188   0x08000188   0x00000000   Code   RO          965    .ARM.Collect$$rtentry$$00000000  c_w.l(__rtentry.o)
    0x08000188   0x08000188   0x00000000   Code   RO          974    .ARM.Collect$$rtentry$$00000002  c_w.l(__rtentry2.o)
    0x08000188   0x08000188   0x00000006   Code   RO          986    .ARM.Collect$$rtentry$$00000004  c_w.l(__rtentry4.o)
    0x0800018e   0x0800018e   0x00000000   Code   RO          976    .ARM.Collect$$rtentry$$00000009  c_w.l(__rtentry2.o)
    0x0800018e   0x0800018e   0x00000004   Code   RO          977    .ARM.Collect$$rtentry$$0000000A  c_w.l(__rtentry2.o)
    0x08000192   0x08000192   0x00000000   Code   RO          979    .ARM.Collect$$rtentry$$0000000C  c_w.l(__rtentry2.o)
    0x08000192   0x08000192   0x00000008   Code   RO          980    .ARM.Collect$$rtentry$$0000000D  c_w.l(__rtentry2.o)
    0x0800019a   0x0800019a   0x00000002   Code   RO         1001    .ARM.Collect$$rtexit$$00000000  c_w.l(rtexit.o)
    0x0800019c   0x0800019c   0x00000000   Code   RO         1049    .ARM.Collect$$rtexit$$00000002  c_w.l(rtexit2.o)
    0x0800019c   0x0800019c   0x00000004   Code   RO         1050    .ARM.Collect$$rtexit$$00000003  c_w.l(rtexit2.o)
    0x080001a0   0x080001a0   0x00000006   Code   RO         1051    .ARM.Collect$$rtexit$$00000004  c_w.l(rtexit2.o)
    0x080001a6   0x080001a6   0x00000002   PAD
    0x080001a8   0x080001a8   0x00000040   Code   RO          345  * .text               startup_stm32f10x_md.o
    0x080001e8   0x080001e8   0x00000094   Code   RO          681    .text               RTX_CM3.lib(irq_cm3.o)
    0x0800027c   0x0800027c   0x000009f4   Code   RO          687    .text               ARMV10_STD.lib(armv10_std.o)
    0x08000c70   0x08000c70   0x0000008a   Code   RO          949    .text               c_w.l(rt_memcpy_v6.o)
    0x08000cfa   0x08000cfa   0x00000044   Code   RO          951    .text               c_w.l(rt_memclr.o)
    0x08000d3e   0x08000d3e   0x0000004e   Code   RO          953    .text               c_w.l(rt_memclr_w.o)
    0x08000d8c   0x08000d8c   0x00000006   Code   RO          955    .text               c_w.l(heapauxi.o)
    0x08000d92   0x08000d92   0x00000064   Code   RO          966    .text               c_w.l(rt_memcpy_w.o)
    0x08000df6   0x08000df6   0x0000004a   Code   RO          988    .text               c_w.l(sys_stackheap_outer.o)
    0x08000e40   0x08000e40   0x00000012   Code   RO          990    .text               c_w.l(exit.o)
    0x08000e52   0x08000e52   0x00000002   PAD
    0x08000e54   0x08000e54   0x00000008   Code   RO          998    .text               c_w.l(libspace.o)
    0x08000e5c   0x08000e5c   0x0000000c   Code   RO         1059    .text               c_w.l(sys_exit.o)
    0x08000e68   0x08000e68   0x00000002   Code   RO         1070    .text               c_w.l(use_no_semi.o)
    0x08000e6a   0x08000e6a   0x00000000   Code   RO         1072    .text               c_w.l(indicate_semi.o)
    0x08000e6a   0x08000e6a   0x0000006e   Code   RO          625    .text.EventFlagsCheck  RTX_CM3.lib(rtx_evflags.o)
    0x08000ed8   0x08000ed8   0x00000040   Code   RO          931    .text.MessageQueueGet  RTX_CM3.lib(rtx_msgqueue.o)
    0x08000f18   0x08000f18   0x00000058   Code   RO          925    .text.MessageQueuePut  RTX_CM3.lib(rtx_msgqueue.o)
    0x08000f70   0x08000f70   0x0000001c   Code   RO          923    .text.MessageQueueRemove  RTX_CM3.lib(rtx_msgqueue.o)
    0x08000f8c   0x08000f8c   0x0000000c   Code   RO          869    .text.OS_Tick_AcknowledgeIRQ  RTX_CM3.lib(os_systick.o)
    0x08000f98   0x08000f98   0x0000002c   Code   RO          865    .text.OS_Tick_Enable  RTX_CM3.lib(os_systick.o)
    0x08000fc4   0x08000fc4   0x00000006   Code   RO          871    .text.OS_Tick_GetIRQn  RTX_CM3.lib(os_systick.o)
    0x08000fca   0x08000fca   0x00000002   PAD
    0x08000fcc   0x08000fcc   0x00000040   Code   RO          863    .text.OS_Tick_Setup  RTX_CM3.lib(os_systick.o)
    0x0800100c   0x0800100c   0x0000006e   Code   RO          550    .text.ThreadFlagsCheck  RTX_CM3.lib(rtx_thread.o)
    0x0800107a   0x0800107a   0x00000002   PAD
    0x0800107c   0x0800107c   0x00000048   Code   RO          755    .text.TimerInsert   RTX_CM3.lib(rtx_timer.o)
    0x080010c4   0x080010c4   0x00000024   Code   RO          603    .text.osEventFlagsNew  RTX_CM3.lib(rtx_evflags.o)
    0x080010e8   0x080010e8   0x00000044   Code   RO          617    .text.osEventFlagsWait  RTX_CM3.lib(rtx_evflags.o)
    0x0800112c   0x0800112c   0x00000030   Code   RO          411    .text.osKernelGetState  RTX_CM3.lib(rtx_kernel.o)
    0x0800115c   0x0800115c   0x0000002c   Code   RO          405    .text.osKernelInitialize  RTX_CM3.lib(rtx_kernel.o)
    0x08001188   0x08001188   0x00000024   Code   RO          415    .text.osKernelStart  RTX_CM3.lib(rtx_kernel.o)
    0x080011ac   0x080011ac   0x0000006c   Code   RO          897    .text.osMessageQueueGet  RTX_CM3.lib(rtx_msgqueue.o)
    0x08001218   0x08001218   0x00000024   Code   RO          891    .text.osMessageQueueNew  RTX_CM3.lib(rtx_msgqueue.o)
    0x0800123c   0x0800123c   0x00000078   Code   RO          895    .text.osMessageQueuePut  RTX_CM3.lib(rtx_msgqueue.o)
    0x080012b4   0x080012b4   0x00000024   Code   RO          652    .text.osMutexAcquire  RTX_CM3.lib(rtx_mutex.o)
    0x080012d8   0x080012d8   0x00000024   Code   RO          658    .text.osMutexDelete  RTX_CM3.lib(rtx_mutex.o)
    0x080012fc   0x080012fc   0x00000024   Code   RO          648    .text.osMutexNew    RTX_CM3.lib(rtx_mutex.o)
    0x08001320   0x08001320   0x00000024   Code   RO          654    .text.osMutexRelease  RTX_CM3.lib(rtx_mutex.o)
    0x08001344   0x08001344   0x00000032   Code   RO          623    .text.osRtxEventFlagsPostProcess  RTX_CM3.lib(rtx_evflags.o)
    0x08001376   0x08001376   0x00000002   Code   RO          403    .text.osRtxKernelPreInit  RTX_CM3.lib(rtx_kernel.o)
    0x08001378   0x08001378   0x00000070   Code   RO          782    .text.osRtxMemoryAlloc  RTX_CM3.lib(rtx_memory.o)
    0x080013e8   0x080013e8   0x00000046   Code   RO          784    .text.osRtxMemoryFree  RTX_CM3.lib(rtx_memory.o)
    0x0800142e   0x0800142e   0x0000003c   Code   RO          780    .text.osRtxMemoryInit  RTX_CM3.lib(rtx_memory.o)
    0x0800146a   0x0800146a   0x0000003a   Code   RO          797    .text.osRtxMemoryPoolAlloc  RTX_CM3.lib(rtx_mempool.o)
    0x080014a4   0x080014a4   0x0000004a   Code   RO          799    .text.osRtxMemoryPoolFree  RTX_CM3.lib(rtx_mempool.o)
    0x080014ee   0x080014ee   0x00000036   Code   RO          795    .text.osRtxMemoryPoolInit  RTX_CM3.lib(rtx_mempool.o)
    0x08001524   0x08001524   0x000000ba   Code   RO          921    .text.osRtxMessageQueuePostProcess  RTX_CM3.lib(rtx_msgqueue.o)
    0x080015de   0x080015de   0x00000048   Code   RO          644    .text.osRtxMutexOwnerRelease  RTX_CM3.lib(rtx_mutex.o)
    0x08001626   0x08001626   0x00000042   Code   RO          646    .text.osRtxMutexOwnerRestore  RTX_CM3.lib(rtx_mutex.o)
    0x08001668   0x08001668   0x0000008c   Code   RO          850    .text.osRtxPendSV_Handler  RTX_CM3.lib(rtx_system.o)
    0x080016f4   0x080016f4   0x00000074   Code   RO          852    .text.osRtxPostProcess  RTX_CM3.lib(rtx_system.o)
    0x08001768   0x08001768   0x00000038   Code   RO          490    .text.osRtxThreadBlock  RTX_CM3.lib(rtx_thread.o)
    0x080017a0   0x080017a0   0x00000074   Code   RO          498    .text.osRtxThreadDelayInsert  RTX_CM3.lib(rtx_thread.o)
    0x08001814   0x08001814   0x0000003c   Code   RO          494    .text.osRtxThreadDelayRemove  RTX_CM3.lib(rtx_thread.o)
    0x08001850   0x08001850   0x0000004c   Code   RO          478    .text.osRtxThreadDelayTick  RTX_CM3.lib(rtx_thread.o)
    0x0800189c   0x0800189c   0x00000058   Code   RO          488    .text.osRtxThreadDispatch  RTX_CM3.lib(rtx_thread.o)
    0x080018f4   0x080018f4   0x00000058   Code   RO          574    .text.osRtxThreadFree  RTX_CM3.lib(rtx_thread.o)
    0x0800194c   0x0800194c   0x00000012   Code   RO          470    .text.osRtxThreadListGet  RTX_CM3.lib(rtx_thread.o)
    0x0800195e   0x0800195e   0x0000002c   Code   RO          468    .text.osRtxThreadListPut  RTX_CM3.lib(rtx_thread.o)
    0x0800198a   0x0800198a   0x00000014   Code   RO          474    .text.osRtxThreadListRemove  RTX_CM3.lib(rtx_thread.o)
    0x0800199e   0x0800199e   0x0000000c   Code   RO          480    .text.osRtxThreadListRoot  RTX_CM3.lib(rtx_thread.o)
    0x080019aa   0x080019aa   0x00000026   Code   RO          472    .text.osRtxThreadListSort  RTX_CM3.lib(rtx_thread.o)
    0x080019d0   0x080019d0   0x00000028   Code   RO          548    .text.osRtxThreadPostProcess  RTX_CM3.lib(rtx_thread.o)
    0x080019f8   0x080019f8   0x00000014   Code   RO          476    .text.osRtxThreadReadyPut  RTX_CM3.lib(rtx_thread.o)
    0x08001a0c   0x08001a0c   0x00000006   Code   RO          482    .text.osRtxThreadRegPtr  RTX_CM3.lib(rtx_thread.o)
    0x08001a12   0x08001a12   0x00000002   PAD
    0x08001a14   0x08001a14   0x00000028   Code   RO          486    .text.osRtxThreadStackCheck  RTX_CM3.lib(rtx_thread.o)
    0x08001a3c   0x08001a3c   0x00000040   Code   RO          500    .text.osRtxThreadStartup  RTX_CM3.lib(rtx_thread.o)
    0x08001a7c   0x08001a7c   0x00000010   Code   RO          484    .text.osRtxThreadSwitch  RTX_CM3.lib(rtx_thread.o)
    0x08001a8c   0x08001a8c   0x00000038   Code   RO          496    .text.osRtxThreadWaitEnter  RTX_CM3.lib(rtx_thread.o)
    0x08001ac4   0x08001ac4   0x00000024   Code   RO          492    .text.osRtxThreadWaitExit  RTX_CM3.lib(rtx_thread.o)
    0x08001ae8   0x08001ae8   0x00000070   Code   RO          848    .text.osRtxTick_Handler  RTX_CM3.lib(rtx_system.o)
    0x08001b58   0x08001b58   0x0000003c   Code   RO          739    .text.osRtxTimerThread  RTX_CM3.lib(rtx_timer.o)
    0x08001b94   0x08001b94   0x00000054   Code   RO          741    .text.osRtxTimerTick  RTX_CM3.lib(rtx_timer.o)
    0x08001be8   0x08001be8   0x0000000c   Code   RO          532    .text.osThreadExit  RTX_CM3.lib(rtx_thread.o)
    0x08001bf4   0x08001bf4   0x00000024   Code   RO          504    .text.osThreadNew   RTX_CM3.lib(rtx_thread.o)
    0x08001c18   0x08001c18   0x0000006c   Code   RO          621    .text.svcRtxEventFlagsNew  RTX_CM3.lib(rtx_evflags.o)
    0x08001c84   0x08001c84   0x0000005c   Code   RO          631    .text.svcRtxEventFlagsWait  RTX_CM3.lib(rtx_evflags.o)
    0x08001ce0   0x08001ce0   0x0000000c   Code   RO          413    .text.svcRtxKernelGetState  RTX_CM3.lib(rtx_kernel.o)
    0x08001cec   0x08001cec   0x00000150   Code   RO          443    .text.svcRtxKernelInitialize  RTX_CM3.lib(rtx_kernel.o)
    0x08001e3c   0x08001e3c   0x00000088   Code   RO          445    .text.svcRtxKernelStart  RTX_CM3.lib(rtx_kernel.o)
    0x08001ec4   0x08001ec4   0x000000e0   Code   RO          933    .text.svcRtxMessageQueueGet  RTX_CM3.lib(rtx_msgqueue.o)
    0x08001fa4   0x08001fa4   0x00000130   Code   RO          919    .text.svcRtxMessageQueueNew  RTX_CM3.lib(rtx_msgqueue.o)
    0x080020d4   0x080020d4   0x000000c0   Code   RO          929    .text.svcRtxMessageQueuePut  RTX_CM3.lib(rtx_msgqueue.o)
    0x08002194   0x08002194   0x00000094   Code   RO          664    .text.svcRtxMutexAcquire  RTX_CM3.lib(rtx_mutex.o)
    0x08002228   0x08002228   0x000000b0   Code   RO          670    .text.svcRtxMutexDelete  RTX_CM3.lib(rtx_mutex.o)
    0x080022d8   0x080022d8   0x00000068   Code   RO          660    .text.svcRtxMutexNew  RTX_CM3.lib(rtx_mutex.o)
    0x08002340   0x08002340   0x000000b4   Code   RO          666    .text.svcRtxMutexRelease  RTX_CM3.lib(rtx_mutex.o)
    0x080023f4   0x080023f4   0x00000068   Code   RO          578    .text.svcRtxThreadExit  RTX_CM3.lib(rtx_thread.o)
    0x0800245c   0x0800245c   0x000001d0   Code   RO          502    .text.svcRtxThreadNew  RTX_CM3.lib(rtx_thread.o)
    0x0800262c   0x0800262c   0x000000a4   Code   RO          352    i.SystemCoreClockUpdate  system_stm32f10x.o
    0x080026d0   0x080026d0   0x00000060   Code   RO          353    i.SystemInit        system_stm32f10x.o
    0x08002730   0x08002730   0x00000020   Code   RO            4    i._Z10break_funcPv  main.o
    0x08002750   0x08002750   0x00000012   Code   RO            5    i._Z10new_threadPK13thread_info_t  main.o
    0x08002762   0x08002762   0x0000000c   Code   RO            6    i._Z10radio_funcPv  main.o
    0x0800276e   0x0800276e   0x0000000c   Code   RO          212    i._Z11_mutex_freePPv  rtx_lib.o
    0x0800277a   0x0800277a   0x00000026   Code   RO            7    i._Z13create_threadPFYvPvES_PKc12osPriority_t  main.o
    0x080027a0   0x080027a0   0x00000016   Code   RO          213    i._Z14_mutex_acquirePPv  rtx_lib.o
    0x080027b6   0x080027b6   0x00000012   Code   RO          214    i._Z14_mutex_releasePPv  rtx_lib.o
    0x080027c8   0x080027c8   0x00000090   Code   RO            8    i._Z14create_threadsv  main.o
    0x08002858   0x08002858   0x00000022   Code   RO          215    i._Z17_mutex_initializePPv  rtx_lib.o
    0x0800287a   0x0800287a   0x0000001a   Code   RO            9    i._Z17create_event_flagPKc  main.o
    0x08002894   0x08002894   0x00000020   Code   RO           10    i._Z20air_conditioner_funcPv  main.o
    0x080028b4   0x080028b4   0x0000000c   Code   RO           11    i._Z23temperature_sensor_funcPv  main.o
    0x080028c0   0x080028c0   0x00000016   Code   RO           12    i._Z4initv          main.o
    0x080028d6   0x080028d6   0x00000002   PAD
    0x080028d8   0x080028d8   0x00000014   Code   RO           13    i._Z7set_ledib      main.o
    0x080028ec   0x080028ec   0x00000020   Code   RO          218    i._ZN30_INTERNAL_9_rtx_lib_c_7c080eb619os_kernel_is_activeEv  rtx_lib.o
    0x0800290c   0x0800290c   0x00000008   Code   RO          354    i._ZN40_INTERNAL_18_system_stm32f10x_c_5d646a6711SetSysClockEv  system_stm32f10x.o
    0x08002914   0x08002914   0x000000e0   Code   RO          355    i._ZN40_INTERNAL_18_system_stm32f10x_c_5d646a6715SetSysClockTo72Ev  system_stm32f10x.o
    0x080029f4   0x080029f4   0x00000018   Code   RO           24    i.main              main.o
    0x08002a0c   0x08002a0c   0x00000020   Code   RO          309    i.osRtxErrorNotify  rtx_config.o
    0x08002a2c   0x08002a2c   0x00000004   Code   RO          310    i.osRtxIdleThread   rtx_config.o
    0x08002a30   0x08002a30   0x00000064   Data   RO          232    .constdata          rtx_lib.o
    0x08002a94   0x08002a94   0x00000001   Data   RO          680    .constdata          RTX_CM3.lib(irq_cm3.o)
    0x08002a95   0x08002a95   0x00000003   PAD
    0x08002a98   0x08002a98   0x00000080   Data   RO          688    .constdata          ARMV10_STD.lib(armv10_std.o)
    0x08002b18   0x08002b18   0x000000a0   Data   RO          234    .rodata             rtx_lib.o
    0x08002bb8   0x08002bb8   0x0000000b   Data   RO          457    .rodata.str1.4      RTX_CM3.lib(rtx_kernel.o)
    0x08002bc3   0x08002bc3   0x00000001   PAD
    0x08002bc4   0x08002bc4   0x00000020   Data   RO         1125    Region$$Table       anon$$obj.o


    Execution Region ER_RW (Exec base: 0x20000000, Load base: 0x08002be4, Size: 0x00001418, Max: 0xffffffff, ABSOLUTE, COMPRESSED[0x00000044])

    Exec Addr    Load Addr    Size         Type   Attr      Idx    E Section Name        Object

    0x20000000   COMPRESSED   0x00001040   Data   RW          226    .bss.os             rtx_lib.o
    0x20001040   COMPRESSED   0x00000034   Data   RW          228    .bss.os.msgqueue.cb  rtx_lib.o
    0x20001074   COMPRESSED   0x00000050   Data   RW          229    .bss.os.msgqueue.mem  rtx_lib.o
    0x200010c4   COMPRESSED   0x00000088   Data   RW          230    .bss.os.thread.cb   rtx_lib.o
    0x2000114c   COMPRESSED   0x00000004   PAD
    0x20001150   COMPRESSED   0x00000200   Data   RW          231    .bss.os.thread.stack  rtx_lib.o
    0x20001350   COMPRESSED   0x00000008   Data   RW           46    .data               main.o
    0x20001358   COMPRESSED   0x00000005   Data   RW          233    .data               rtx_lib.o
    0x2000135d   COMPRESSED   0x00000003   PAD
    0x20001360   COMPRESSED   0x00000014   Data   RW          360    .data               system_stm32f10x.o
    0x20001374   COMPRESSED   0x000000a4   Data   RW          458    .data.os            RTX_CM3.lib(rtx_kernel.o)


    Execution Region ER_ZI (Exec base: 0x20001418, Load base: 0x08002c28, Size: 0x00000668, Max: 0xffffffff, ABSOLUTE)

    Exec Addr    Load Addr    Size         Type   Attr      Idx    E Section Name        Object

    0x20001418        -       0x00000060   Zero   RW          999    .bss                c_w.l(libspace.o)
    0x20001478        -       0x00000001   Zero   RW          881    .bss.PendST         RTX_CM3.lib(os_systick.o)
    0x20001479   0x08002c28   0x00000007   PAD
    0x20001480        -       0x00000200   Zero   RW          343    HEAP                startup_stm32f10x_md.o
    0x20001680        -       0x00000400   Zero   RW          342    STACK               startup_stm32f10x_md.o


==============================================================================

Image component sizes


      Code (inc. data)   RO Data    RW Data    ZI Data      Debug   Object Name

       380         88          0          8          0      15251   main.o
        36          6          0          0          0       1001   rtx_config.o
       118          4        260       4945          0      16678   rtx_lib.o
        64         26        236          0       1536        828   startup_stm32f10x_md.o
       492         50          0         20          0       2993   system_stm32f10x.o

    ----------------------------------------------------------------------
      1092        174        528       4980       1536      36751   Object Totals
         0          0         32          0          0          0   (incl. Generated)
         2          0          0          7          0          0   (incl. Padding)

    ----------------------------------------------------------------------

      Code (inc. data)   RO Data    RW Data    ZI Data      Debug   Library Member Name

      2548        172        128          0          0       9689   armv10_std.o
       148         10          1          0          0        488   irq_cm3.o
       126         32          0          0          1       3105   os_systick.o
       464         20          0          0          0      13388   rtx_evflags.o
       614         48         11        164          0      17231   rtx_kernel.o
       242          0          0          0          0       2478   rtx_memory.o
       186          0          0          0          0      16576   rtx_mempool.o
      1350         28          0          0          0      18694   rtx_msgqueue.o
       890         32          0          0          0      10004   rtx_mutex.o
       368         26          0          0          0       5437   rtx_system.o
      1620         92          0          0          0      32739   rtx_thread.o
       216         20          0          0          0      10445   rtx_timer.o
        58          0          0          0          0          0   __dczerorl.o
         8          0          0          0          0         68   __main.o
         0          0          0          0          0          0   __rtentry.o
        12          0          0          0          0          0   __rtentry2.o
         6          0          0          0          0          0   __rtentry4.o
        52          8          0          0          0          0   __scatter.o
        28          0          0          0          0          0   __scatter_zi.o
        18          0          0          0          0         80   exit.o
         6          0          0          0          0        152   heapauxi.o
         0          0          0          0          0          0   indicate_semi.o
         2          0          0          0          0          0   libinit.o
         2          0          0          0          0          0   libinit2.o
         2          0          0          0          0          0   libshutdown.o
         2          0          0          0          0          0   libshutdown2.o
         8          4          0          0         96         68   libspace.o
        68          0          0          0          0         68   rt_memclr.o
        78          0          0          0          0         80   rt_memclr_w.o
       138          0          0          0          0         68   rt_memcpy_v6.o
       100          0          0          0          0         80   rt_memcpy_w.o
         2          0          0          0          0          0   rtexit.o
        10          0          0          0          0          0   rtexit2.o
        12          4          0          0          0         68   sys_exit.o
        74          0          0          0          0         80   sys_stackheap_outer.o
         2          0          0          0          0         68   use_no_semi.o

    ----------------------------------------------------------------------
      9472        496        144        164        104     141154   Library Totals
        12          0          4          0          7          0   (incl. Padding)

    ----------------------------------------------------------------------

      Code (inc. data)   RO Data    RW Data    ZI Data      Debug   Library Name

      2548        172        128          0          0       9689   ARMV10_STD.lib
      6224        308         12        164          1     130585   RTX_CM3.lib
       688         16          0          0         96        880   c_w.l

    ----------------------------------------------------------------------
      9472        496        144        164        104     141154   Library Totals

    ----------------------------------------------------------------------

==============================================================================


      Code (inc. data)   RO Data    RW Data    ZI Data      Debug   

     10564        670        672       5144       1640     176249   Grand Totals
     10564        670        672         68       1640     176249   ELF Image Totals (compressed)
     10564        670        672         68          0          0   ROM Totals

==============================================================================

    Total RO  Size (Code + RO Data)                11236 (  10.97kB)
    Total RW  Size (RW Data + ZI Data)              6784 (   6.63kB)
    Total ROM Size (Code + RO Data + RW Data)      11304 (  11.04kB)

==============================================================================

